#
# There is insufficient memory for the Java Runtime Environment to continue.
# Native memory allocation (mmap) failed to map 65536 bytes for Failed to commit metaspace.
# Possible reasons:
#   The system is out of physical RAM or swap space
#   The process is running with CompressedOops enabled, and the Java Heap may be blocking the growth of the native heap
# Possible solutions:
#   Reduce memory load on the system
#   Increase physical memory or swap space
#   Check if swap backing store is full
#   Decrease Java heap size (-Xmx/-Xms)
#   Decrease number of Java threads
#   Decrease Java thread stack sizes (-Xss)
#   Set larger code cache with -XX:ReservedCodeCacheSize=
#   JVM is running with Unscaled Compressed Oops mode in which the Java heap is
#     placed in the first 4GB address space. The Java Heap base address is the
#     maximum limit for the native heap growth. Please use -XX:HeapBaseMinAddress
#     to set the Java Heap base and to place the Java Heap above 4GB virtual address.
# This output file may be truncated or incomplete.
#
#  Out of Memory Error (virtualSpaceNode.cpp:110), pid=16564, tid=4396
#
# JRE version: OpenJDK Runtime Environment Microsoft-8902769 (17.0.10+7) (build 17.0.10+7-LTS)
# Java VM: OpenJDK 64-Bit Server VM Microsoft-8902769 (17.0.10+7-LTS, mixed mode, sharing, tiered, compressed oops, compressed class ptrs, g1 gc, windows-amd64)
# No core dump will be written. Minidumps are not enabled by default on client versions of Windows
#

---------------  S U M M A R Y ------------

Command Line: -Dmaven.multiModuleProjectDirectory=c:\Users\RAHUL\OneDrive\Desktop\BLOG org.apache.maven.wrapper.MavenWrapperMain help:effective-pom -Doutput=effective-pom-a6f11fa5-ca07-4c13-8c05-161922bbcc3c.log

Host: AMD Ryzen 3 3200U with Radeon Vega Mobile Gfx  , 4 cores, 3G,  Windows 10 , 64 bit Build 19041 (10.0.19041.5915)
Time: Tue Jan 20 14:56:48 2026 India Standard Time elapsed time: 4.279509 seconds (0d 0h 0m 4s)

---------------  T H R E A D  ---------------

Current thread (0x000001ff46dbf4a0):  JavaThread "main" [_thread_in_vm, id=4396, stack(0x000000c392b00000,0x000000c392c00000)]

Stack: [0x000000c392b00000,0x000000c392c00000]
Native frames: (J=compiled Java code, j=interpreted, Vv=VM code, C=native code)
V  [jvm.dll+0x67f829]
V  [jvm.dll+0x83750a]
V  [jvm.dll+0x838fce]
V  [jvm.dll+0x839633]
V  [jvm.dll+0x247cbf]
V  [jvm.dll+0x8331cb]
V  [jvm.dll+0x624286]
V  [jvm.dll+0x1c1a8e]
V  [jvm.dll+0x626be1]
V  [jvm.dll+0x624c26]
V  [jvm.dll+0x24562c]
V  [jvm.dll+0x6d69ed]
V  [jvm.dll+0x6d742f]
V  [jvm.dll+0x375b64]
V  [jvm.dll+0x41d907]
C  0x000001ff5764d621

The last pc belongs to method entry point (kind = native) (printed below).
Java frames: (J=compiled Java code, j=interpreted, Vv=VM code)
j  java.lang.Class.getDeclaredFields0(Z)[Ljava/lang/reflect/Field;+0 java.base@17.0.10
J 1315 c1 java.lang.Class.privateGetDeclaredFields(Z)[Ljava/lang/reflect/Field; java.base@17.0.10 (64 bytes) @ 0x000001ff50396cd4 [0x000001ff50396b40+0x0000000000000194]
J 1432 c1 java.lang.Class.getDeclaredFields()[Ljava/lang/reflect/Field; java.base@17.0.10 (27 bytes) @ 0x000001ff503de2c4 [0x000001ff503de100+0x00000000000001c4]
J 1384 c1 com.google.inject.spi.InjectionPoint.getInjectionPoints(Lcom/google/inject/TypeLiteral;ZLcom/google/inject/internal/Errors;)Ljava/util/Set; (489 bytes) @ 0x000001ff503bbf34 [0x000001ff503bb980+0x00000000000005b4]
J 1415 c1 com.google.inject.spi.InjectionPoint.forInstanceMethodsAndFields(Lcom/google/inject/TypeLiteral;)Ljava/util/Set; (40 bytes) @ 0x000001ff503cf8f4 [0x000001ff503cf740+0x00000000000001b4]
j  org.eclipse.sisu.wire.DependencyAnalyzer.analyzeImplementation(Lcom/google/inject/TypeLiteral;Z)Ljava/lang/Boolean;+44
j  org.eclipse.sisu.wire.DependencyAnalyzer.visit(Lcom/google/inject/spi/UntargettedBinding;)Ljava/lang/Boolean;+11
j  org.eclipse.sisu.wire.DependencyAnalyzer.visit(Lcom/google/inject/spi/UntargettedBinding;)Ljava/lang/Object;+5
j  com.google.inject.internal.UntargettedBindingImpl.acceptTargetVisitor(Lcom/google/inject/spi/BindingTargetVisitor;)Ljava/lang/Object;+2
j  org.eclipse.sisu.wire.ElementAnalyzer.visit(Lcom/google/inject/Binding;)Ljava/lang/Void;+43
j  org.eclipse.sisu.wire.ElementAnalyzer.visit(Lcom/google/inject/Binding;)Ljava/lang/Object;+5
j  com.google.inject.internal.BindingImpl.acceptVisitor(Lcom/google/inject/spi/ElementVisitor;)Ljava/lang/Object;+2
j  org.eclipse.sisu.wire.WireModule.configure(Lcom/google/inject/Binder;)V+39
j  com.google.inject.spi.Elements$RecordingBinder.install(Lcom/google/inject/Module;)V+161
j  com.google.inject.spi.Elements.getElements(Lcom/google/inject/Stage;Ljava/lang/Iterable;)Ljava/util/List;+40
j  com.google.inject.internal.InjectorShell$Builder.build(Lcom/google/inject/internal/Initializer;Lcom/google/inject/internal/ProcessedBindingData;Lcom/google/inject/internal/util/Stopwatch;Lcom/google/inject/internal/Errors;)Ljava/util/List;+122
j  com.google.inject.internal.InternalInjectorCreator.build()Lcom/google/inject/Injector;+48
j  com.google.inject.Guice.createInjector(Lcom/google/inject/Stage;Ljava/lang/Iterable;)Lcom/google/inject/Injector;+15
j  com.google.inject.Guice.createInjector(Ljava/lang/Iterable;)Lcom/google/inject/Injector;+4
j  com.google.inject.Guice.createInjector([Lcom/google/inject/Module;)Lcom/google/inject/Injector;+4
j  org.codehaus.plexus.DefaultPlexusContainer.addPlexusInjector(Ljava/util/List;[Lcom/google/inject/Module;)Lcom/google/inject/Injector;+88
j  org.codehaus.plexus.DefaultPlexusContainer.<init>(Lorg/codehaus/plexus/ContainerConfiguration;[Lcom/google/inject/Module;)V+396
j  org.apache.maven.cli.MavenCli.container(Lorg/apache/maven/cli/CliRequest;)Lorg/codehaus/plexus/PlexusContainer;+275
j  org.apache.maven.cli.MavenCli.doMain(Lorg/apache/maven/cli/CliRequest;)I+34
j  org.apache.maven.cli.MavenCli.main([Ljava/lang/String;Lorg/codehaus/plexus/classworlds/ClassWorld;)I+24
v  ~StubRoutines::call_stub
j  jdk.internal.reflect.NativeMethodAccessorImpl.invoke0(Ljava/lang/reflect/Method;Ljava/lang/Object;[Ljava/lang/Object;)Ljava/lang/Object;+0 java.base@17.0.10
j  jdk.internal.reflect.NativeMethodAccessorImpl.invoke(Ljava/lang/Object;[Ljava/lang/Object;)Ljava/lang/Object;+133 java.base@17.0.10
j  jdk.internal.reflect.DelegatingMethodAccessorImpl.invoke(Ljava/lang/Object;[Ljava/lang/Object;)Ljava/lang/Object;+6 java.base@17.0.10
j  java.lang.reflect.Method.invoke(Ljava/lang/Object;[Ljava/lang/Object;)Ljava/lang/Object;+59 java.base@17.0.10
j  org.codehaus.plexus.classworlds.launcher.Launcher.launchEnhanced([Ljava/lang/String;)V+45
j  org.codehaus.plexus.classworlds.launcher.Launcher.launch([Ljava/lang/String;)V+2
j  org.codehaus.plexus.classworlds.launcher.Launcher.mainWithExitCode([Ljava/lang/String;)I+101
j  org.codehaus.plexus.classworlds.launcher.Launcher.main([Ljava/lang/String;)V+1
v  ~StubRoutines::call_stub
j  jdk.internal.reflect.NativeMethodAccessorImpl.invoke0(Ljava/lang/reflect/Method;Ljava/lang/Object;[Ljava/lang/Object;)Ljava/lang/Object;+0 java.base@17.0.10
j  jdk.internal.reflect.NativeMethodAccessorImpl.invoke(Ljava/lang/Object;[Ljava/lang/Object;)Ljava/lang/Object;+133 java.base@17.0.10
j  jdk.internal.reflect.DelegatingMethodAccessorImpl.invoke(Ljava/lang/Object;[Ljava/lang/Object;)Ljava/lang/Object;+6 java.base@17.0.10
j  java.lang.reflect.Method.invoke(Ljava/lang/Object;[Ljava/lang/Object;)Ljava/lang/Object;+59 java.base@17.0.10
j  org.apache.maven.wrapper.BootstrapMainStarter.start([Ljava/lang/String;Ljava/io/File;)V+110
j  org.apache.maven.wrapper.WrapperExecutor.execute([Ljava/lang/String;Lorg/apache/maven/wrapper/Installer;Lorg/apache/maven/wrapper/BootstrapMainStarter;)V+14
j  org.apache.maven.wrapper.MavenWrapperMain.main([Ljava/lang/String;)V+107
v  ~StubRoutines::call_stub
method entry point (kind = native)  [0x000001ff5764d240, 0x000001ff5764dbc0]  2432 bytes
[MachCode]
  0x000001ff5764d240: 488b 4b08 | 0fb7 492c | 584c 8d74 | ccf8 6800 | 0000 0068 | 0000 0000 | 5055 488b | ec41 5568 
  0x000001ff5764d260: 0000 0000 | 4c8b 6b08 | 4d8d 6d30 | 5348 8b53 | 0848 8b52 | 0848 8b52 | 1848 8b52 | 7048 8b12 
  0x000001ff5764d280: 5248 8b53 | 1048 85d2 | 0f84 0700 | 0000 4881 | c208 0100 | 0052 488b | 5308 488b | 5208 488b 
  0x000001ff5764d2a0: 5210 5241 | 5668 0000 | 0000 6800 | 0000 0048 | 8924 2441 | c687 7903 | 0000 0148 | 8b43 1048 
  0x000001ff5764d2c0: 85c0 7420 | 8b88 cc00 | 0000 83c1 | 0289 88cc | 0000 0023 | 88e0 0000 | 000f 842f | 0800 00e9 
  0x000001ff5764d2e0: d100 0000 | 488b 4318 | 4885 c00f | 85b2 0000 | 00e8 0500 | 0000 e99b | 0000 0048 | 8bd3 488d 
  0x000001ff5764d300: 4424 084c | 896d c049 | 8bcf c5f8 | 7749 89af | a802 0000 | 4989 8798 | 0200 0048 | 83ec 20f7 
  0x000001ff5764d320: c40f 0000 | 000f 841a | 0000 0048 | 83ec 0849 | ba70 53e9 | fdf8 7f00 | 0041 ffd2 | 4883 c408 
  0x000001ff5764d340: e90d 0000 | 0049 ba70 | 53e9 fdf8 | 7f00 0041 | ffd2 4883 | c420 49c7 | 8798 0200 | 0000 0000 
  0x000001ff5764d360: 0049 c787 | a802 0000 | 0000 0000 | 49c7 87a0 | 0200 0000 | 0000 00c5 | f877 4981 | 7f08 0000 
  0x000001ff5764d380: 0000 0f84 | 0500 0000 | e973 3bff | ff4c 8b6d | c04c 8b75 | c8c3 488b | 4318 4885 | c00f 8412 
  0x000001ff5764d3a0: 0000 008b | 4808 83c1 | 0289 4808 | 2348 200f | 8459 0700 | 0089 8424 | 0090 ffff | 41c6 8779 
  0x000001ff5764d3c0: 0300 0000 | 49ba 3966 | 69fe f87f | 0000 4180 | 3a00 0f84 | 4200 0000 | 488b 55e8 | 498b cf48 
  0x000001ff5764d3e0: 83ec 20f7 | c40f 0000 | 000f 841a | 0000 0048 | 83ec 0849 | bab0 591f | fef8 7f00 | 0041 ffd2 
  0x000001ff5764d400: 4883 c408 | e90d 0000 | 0049 bab0 | 591f fef8 | 7f00 0041 | ffd2 4883 | c420 488b | 5de8 4c8b 
  0x000001ff5764d420: 5b08 450f | b75b 2c41 | c1e3 0349 | 2be3 4883 | ec20 4883 | e4f0 4c8b | 5b60 4d85 | db0f 85ad 
  0x000001ff5764d440: 0000 00e8 | 0500 0000 | e99b 0000 | 0048 8bd3 | 488d 4424 | 084c 896d | c049 8bcf | c5f8 7749 
  0x000001ff5764d460: 89af a802 | 0000 4989 | 8798 0200 | 0048 83ec | 20f7 c40f | 0000 000f | 841a 0000 | 0048 83ec 
  0x000001ff5764d480: 0849 baf0 | 7de9 fdf8 | 7f00 0041 | ffd2 4883 | c408 e90d | 0000 0049 | baf0 7de9 | fdf8 7f00 
  0x000001ff5764d4a0: 0041 ffd2 | 4883 c420 | 49c7 8798 | 0200 0000 | 0000 0049 | c787 a802 | 0000 0000 | 0000 49c7 
  0x000001ff5764d4c0: 87a0 0200 | 0000 0000 | 00c5 f877 | 4981 7f08 | 0000 0000 | 0f84 0500 | 0000 e921 | 3aff ff4c 
  0x000001ff5764d4e0: 8b6d c04c | 8b75 c8c3 | 488b 5de8 | 4c8b 5b60 | 41ff d348 | 8b5d e848 | 8945 1844 | 8b5b 2841 
  0x000001ff5764d500: f7c3 0800 | 0000 0f84 | 1b00 0000 | 4c8b 5b08 | 4d8b 5b08 | 4d8b 5b18 | 4d8b 5b70 | 4d8b 1b4c 
  0x000001ff5764d520: 895d 1048 | 8d55 1048 | 8b43 5849 | ba50 a81f | fef8 7f00 | 0049 3bc2 | 0f85 ad00 | 0000 e805 
  0x000001ff5764d540: 0000 00e9 | 9b00 0000 | 488b d348 | 8d44 2408 | 4c89 6dc0 | 498b cfc5 | f877 4989 | afa8 0200 
  0x000001ff5764d560: 0049 8987 | 9802 0000 | 4883 ec20 | f7c4 0f00 | 0000 0f84 | 1a00 0000 | 4883 ec08 | 49ba f07d 
  0x000001ff5764d580: e9fd f87f | 0000 41ff | d248 83c4 | 08e9 0d00 | 0000 49ba | f07d e9fd | f87f 0000 | 41ff d248 
  0x000001ff5764d5a0: 83c4 2049 | c787 9802 | 0000 0000 | 0000 49c7 | 87a8 0200 | 0000 0000 | 0049 c787 | a002 0000 
  0x000001ff5764d5c0: 0000 0000 | c5f8 7749 | 817f 0800 | 0000 000f | 8405 0000 | 00e9 2639 | ffff 4c8b | 6dc0 4c8b 
  0x000001ff5764d5e0: 75c8 c348 | 8b5d e848 | 8b43 5849 | 8d8f b802 | 0000 c5f8 | 7749 89af | a802 0000 | 49ba f2d5 
  0x000001ff5764d600: 6457 ff01 | 0000 4d89 | 97a0 0200 | 0049 89a7 | 9802 0000 | 41c7 8748 | 0300 0004 | 0000 00ff 
  0x000001ff5764d620: d0c5 f877 | 4883 ec10 | c5fb 1104 | 2448 83ec | 1048 8904 | 2448 c744 | 2408 0000 | 0000 41c7 
  0x000001ff5764d640: 8748 0300 | 0005 0000 | 00f0 8344 | 24c0 0049 | 3baf 5003 | 0000 0f87 | 1100 0000 | 4181 bf38 
  0x000001ff5764d660: 0300 0000 | 0000 000f | 8421 0000 | 0049 8bcf | 4c8b e448 | 83ec 2048 | 83e4 f049 | ba90 6e2f 
  0x000001ff5764d680: fef8 7f00 | 0041 ffd2 | 498b e44d | 33e4 41c7 | 8748 0300 | 0008 0000 | 0049 c787 | 9802 0000 
  0x000001ff5764d6a0: 0000 0000 | 49c7 87a8 | 0200 0000 | 0000 0049 | c787 a002 | 0000 0000 | 0000 c5f8 | 774d 8b9f 
  0x000001ff5764d6c0: d800 0000 | 41c7 8300 | 0100 0000 | 0000 0049 | bb7b af64 | 57ff 0100 | 004c 3b5d | 180f 85b9 
  0x000001ff5764d6e0: 0000 0048 | 8b04 2448 | 83c4 1048 | 85c0 0f84 | 9300 0000 | 48f7 c001 | 0000 000f | 8483 0000 
  0x000001ff5764d700: 0048 8b40 | ff41 807f | 3800 0f84 | 6f00 0000 | 4883 f800 | 0f84 6500 | 0000 4d8b | 5f20 4983 
  0x000001ff5764d720: fb00 0f84 | 1400 0000 | 4983 eb08 | 4d89 5f20 | 4d03 5f30 | 4989 03e9 | 4300 0000 | 5049 8bd7 
  0x000001ff5764d740: 488b c848 | 83ec 20f7 | c40f 0000 | 000f 841a | 0000 0048 | 83ec 0849 | bae0 6dde | fdf8 7f00 
  0x000001ff5764d760: 0041 ffd2 | 4883 c408 | e90d 0000 | 0049 bae0 | 6dde fdf8 | 7f00 0041 | ffd2 4883 | c420 58e9 
  0x000001ff5764d780: 0300 0000 | 488b 0048 | 8945 1048 | 83ec 1048 | 8904 2448 | c744 2408 | 0000 0000 | 4181 bfb8 
  0x000001ff5764d7a0: 0300 0002 | 0000 000f | 85c0 0000 | 0048 81ec | 8000 0000 | 4889 4424 | 7848 894c | 2470 4889 
  0x000001ff5764d7c0: 5424 6848 | 895c 2460 | 4889 6c24 | 5048 8974 | 2448 4889 | 7c24 404c | 8944 2438 | 4c89 4c24 
  0x000001ff5764d7e0: 304c 8954 | 2428 4c89 | 5c24 204c | 8964 2418 | 4c89 6c24 | 104c 8974 | 2408 4c89 | 3c24 4c8b 
  0x000001ff5764d800: e448 83ec | 2048 83e4 | f049 ba30 | 8a1f fef8 | 7f00 0041 | ffd2 498b | e44c 8b3c | 244c 8b74 
  0x000001ff5764d820: 2408 4c8b | 6c24 104c | 8b64 2418 | 4c8b 5c24 | 204c 8b54 | 2428 4c8b | 4c24 304c | 8b44 2438 
  0x000001ff5764d840: 488b 7c24 | 4048 8b74 | 2448 488b | 6c24 5048 | 8b5c 2460 | 488b 5424 | 6848 8b4c | 2470 488b 
  0x000001ff5764d860: 4424 7848 | 81c4 8000 | 0000 4d33 | e448 8b5d | e84c 8b6b | 084d 8d6d | 3049 817f | 0800 0000 
  0x000001ff5764d880: 000f 84be | 0000 00e8 | 0500 0000 | e998 0000 | 0048 8d44 | 2408 4c89 | 6dc0 498b | cfc5 f877 
  0x000001ff5764d8a0: 4989 afa8 | 0200 0049 | 8987 9802 | 0000 4883 | ec20 f7c4 | 0f00 0000 | 0f84 1a00 | 0000 4883 
  0x000001ff5764d8c0: ec08 49ba | 109c e9fd | f87f 0000 | 41ff d248 | 83c4 08e9 | 0d00 0000 | 49ba 109c | e9fd f87f 
  0x000001ff5764d8e0: 0000 41ff | d248 83c4 | 2049 c787 | 9802 0000 | 0000 0000 | 49c7 87a8 | 0200 0000 | 0000 0049 
  0x000001ff5764d900: c787 a002 | 0000 0000 | 0000 c5f8 | 7749 817f | 0800 0000 | 000f 8405 | 0000 00e9 | e035 ffff 
  0x000001ff5764d920: 4c8b 6dc0 | 4c8b 75c8 | c348 b940 | ca43 fef8 | 7f00 0048 | 83e4 f049 | ba00 530c | fef8 7f00 
  0x000001ff5764d940: 0041 ffd2 | f444 8b5b | 2841 f7c3 | 2000 0000 | 0f84 3f01 | 0000 488d | 55a8 4c8b | 5a08 4d85 
  0x000001ff5764d960: db0f 85be | 0000 00e8 | 0500 0000 | e998 0000 | 0048 8d44 | 2408 4c89 | 6dc0 498b | cfc5 f877 
  0x000001ff5764d980: 4989 afa8 | 0200 0049 | 8987 9802 | 0000 4883 | ec20 f7c4 | 0f00 0000 | 0f84 1a00 | 0000 4883 
  0x000001ff5764d9a0: ec08 49ba | 309b e9fd | f87f 0000 | 41ff d248 | 83c4 08e9 | 0d00 0000 | 49ba 309b | e9fd f87f 
  0x000001ff5764d9c0: 0000 41ff | d248 83c4 | 2049 c787 | 9802 0000 | 0000 0000 | 49c7 87a8 | 0200 0000 | 0000 0049 
  0x000001ff5764d9e0: c787 a002 | 0000 0000 | 0000 c5f8 | 7749 817f | 0800 0000 | 000f 8405 | 0000 00e9 | 0035 ffff 
  0x000001ff5764da00: 4c8b 6dc0 | 4c8b 75c8 | c348 b940 | ca43 fef8 | 7f00 0048 | 83e4 f049 | ba00 530c | fef8 7f00 
  0x000001ff5764da20: 0041 ffd2 | f44c 896d | c048 8d02 | 4c8b 4a08 | 48c7 4208 | 0000 0000 | 4c8b 004d | 85c0 0f84 
  0x000001ff5764da40: 4d00 0000 | f04d 0fb1 | 010f 8442 | 0000 004c | 894a 0848 | 8bca 4883 | ec20 f7c4 | 0f00 0000 
  0x000001ff5764da60: 0f84 1a00 | 0000 4883 | ec08 49ba | 606d e9fd | f87f 0000 | 41ff d248 | 83c4 08e9 | 0d00 0000 
  0x000001ff5764da80: 49ba 606d | e9fd f87f | 0000 41ff | d248 83c4 | 204c 8b6d | c049 ba39 | 6669 fef8 | 7f00 0041 
  0x000001ff5764daa0: 803a 000f | 8442 0000 | 0048 8b55 | e849 8bcf | 4883 ec20 | f7c4 0f00 | 0000 0f84 | 1a00 0000 
  0x000001ff5764dac0: 4883 ec08 | 49ba b059 | 1ffe f87f | 0000 41ff | d248 83c4 | 08e9 0d00 | 0000 49ba | b059 1ffe 
  0x000001ff5764dae0: f87f 0000 | 41ff d248 | 83c4 2048 | 8b04 2448 | 83c4 10c5 | fb10 0424 | 4883 c410 | 4c8b 5d18 
  0x000001ff5764db00: 41ff d34c | 8b5d f8c9 | 5f49 8be3 | ffe7 ba00 | 0000 00e8 | 0500 0000 | e998 0000 | 0048 8d44 
  0x000001ff5764db20: 2408 4c89 | 6dc0 498b | cfc5 f877 | 4989 afa8 | 0200 0049 | 8987 9802 | 0000 4883 | ec20 f7c4 
  0x000001ff5764db40: 0f00 0000 | 0f84 1a00 | 0000 4883 | ec08 49ba | 605e e9fd | f87f 0000 | 41ff d248 | 83c4 08e9 
  0x000001ff5764db60: 0d00 0000 | 49ba 605e | e9fd f87f | 0000 41ff | d248 83c4 | 2049 c787 | 9802 0000 | 0000 0000 
  0x000001ff5764db80: 49c7 87a8 | 0200 0000 | 0000 0049 | c787 a002 | 0000 0000 | 0000 c5f8 | 7749 817f | 0800 0000 
  0x000001ff5764dba0: 000f 8405 | 0000 00e9 | 5433 ffff | 4c8b 6dc0 | 4c8b 75c8 | c348 8b5d | e8e9 f7f7 | ffff 6690 
[/MachCode]

Compiled method (c1)    4399 1315       3       java.lang.Class::privateGetDeclaredFields (64 bytes)
 total in heap  [0x000001ff50396910,0x000001ff50397538] = 3112
 relocation     [0x000001ff50396a68,0x000001ff50396b28] = 192
 main code      [0x000001ff50396b40,0x000001ff503972c0] = 1920
 stub code      [0x000001ff503972c0,0x000001ff50397338] = 120
 metadata       [0x000001ff50397338,0x000001ff50397348] = 16
 scopes data    [0x000001ff50397348,0x000001ff503973e0] = 152
 scopes pcs     [0x000001ff503973e0,0x000001ff503974f0] = 272
 dependencies   [0x000001ff503974f0,0x000001ff503974f8] = 8
 nul chk table  [0x000001ff503974f8,0x000001ff50397538] = 64

[Constant Pool (empty)]

[MachCode]
[Entry Point]
  # {method} {0x000001ff0043bcc8} 'privateGetDeclaredFields' '(Z)[Ljava/lang/reflect/Field;' in 'java/lang/Class'
  # this:     rdx:rdx   = 'java/lang/Class'
  # parm0:    r8        = boolean
  #           [sp+0x80]  (sp of caller)
  0x000001ff50396b40: 448b 5208 | 49bb 0000 | 0000 ff01 | 0000 4d03 | d34c 3bd0 

  0x000001ff50396b54: ;   {runtime_call ic_miss_stub}
  0x000001ff50396b54: 0f85 26a5 | 2f07 660f | 1f44 0000 
[Verified Entry Point]
  0x000001ff50396b60: 8984 2400 | 90ff ff55 | 4883 ec70 | 4489 4424 

  0x000001ff50396b70: ;   {metadata(method data for {method} {0x000001ff0043bcc8} 'privateGetDeclaredFields' '(Z)[Ljava/lang/reflect/Field;' in 'java/lang/Class')}
  0x000001ff50396b70: 4048 be00 | 7b24 64ff | 0100 008b | becc 0000 | 0083 c702 | 89be cc00 | 0000 81e7 | fe07 0000 
  0x000001ff50396b90: 83ff 000f | 84d2 0500 | 0048 8bf2 

  0x000001ff50396b9c: ;   {metadata(method data for {method} {0x000001ff0043bcc8} 'privateGetDeclaredFields' '(Z)[Ljava/lang/reflect/Field;' in 'java/lang/Class')}
  0x000001ff50396b9c: 48bf 007b | 2464 ff01 | 0000 4883 | 8710 0100 | 0001 488b | f248 8bd6 | 4889 7424 | 4866 0f1f 
  0x000001ff50396bbc: ;   {optimized virtual_call}
  0x000001ff50396bbc: 4400 00e8 

  0x000001ff50396bc0: ; ImmutableOopMap {[72]=Oop }
                      ;*invokevirtual reflectionData {reexecute=0 rethrow=0 return_oop=0}
                      ; - java.lang.Class::privateGetDeclaredFields@1 (line 3291)
  0x000001ff50396bc0: bcfe 0300 | 4883 f800 

  0x000001ff50396bc8: ;   {metadata(method data for {method} {0x000001ff0043bcc8} 'privateGetDeclaredFields' '(Z)[Ljava/lang/reflect/Field;' in 'java/lang/Class')}
  0x000001ff50396bc8: 49b8 007b | 2464 ff01 | 0000 48ba | 5801 0000 | 0000 0000 | 0f85 0a00 | 0000 48ba | 4801 0000 
  0x000001ff50396be8: 0000 0000 | 498b 3410 | 488d 7601 | 4989 3410 | 0f85 0f00 | 0000 4889 | 4424 5044 | 8b44 2440 
  0x000001ff50396c08: e999 0000 | 0044 8b44 | 2440 4183 

  0x000001ff50396c14: ;   {metadata(method data for {method} {0x000001ff0043bcc8} 'privateGetDeclaredFields' '(Z)[Ljava/lang/reflect/Field;' in 'java/lang/Class')}
  0x000001ff50396c14: f800 48ba | 007b 2464 | ff01 0000 | 48be 6801 | 0000 0000 | 0000 0f84 | 0a00 0000 | 48be 7801 
  0x000001ff50396c34: 0000 0000 | 0000 488b | 3c32 488d | 7f01 4889 | 3c32 0f84 | 1800 0000 

  0x000001ff50396c4c: ; implicit exception: dispatches to 0x000001ff5039718c
                      ;   {metadata(method data for {method} {0x000001ff0043bcc8} 'privateGetDeclaredFields' '(Z)[Ljava/lang/reflect/Field;' in 'java/lang/Class')}
  0x000001ff50396c4c: 8b50 2848 | be00 7b24 | 64ff 0100 | 00ff 8688 | 0100 00e9 | 0300 0000 

  0x000001ff50396c64: ; implicit exception: dispatches to 0x000001ff50397191
  0x000001ff50396c64: 8b50 1048 

  0x000001ff50396c68: ;   {metadata(method data for {method} {0x000001ff0043bcc8} 'privateGetDeclaredFields' '(Z)[Ljava/lang/reflect/Field;' in 'java/lang/Class')}
  0x000001ff50396c68: 83fa 0048 | be00 7b24 | 64ff 0100 | 0048 bfb0 | 0100 0000 | 0000 000f | 850a 0000 | 0048 bfa0 
  0x000001ff50396c88: 0100 0000 | 0000 0048 | 8b1c 3e48 | 8d5b 0148 | 891c 3e0f | 85b4 0400 | 0048 8944 | 2450 488b 
  0x000001ff50396ca8: ;   {metadata(method data for {method} {0x000001ff0043bcc8} 'privateGetDeclaredFields' '(Z)[Ljava/lang/reflect/Field;' in 'java/lang/Class')}
  0x000001ff50396ca8: 5424 4848 | be00 7b24 | 64ff 0100 | 0048 8386 | c001 0000 | 0149 8bf0 | 4c8b c648 | 8b54 2448 
  0x000001ff50396cc8: 0f1f 8000 

  0x000001ff50396ccc: ;   {optimized virtual_call}
  0x000001ff50396ccc: 0000 00e8 

  0x000001ff50396cd0: ; ImmutableOopMap {[72]=Oop [80]=Oop }
                      ;*invokevirtual getDeclaredFields0 {reexecute=0 rethrow=0 return_oop=0}
                      ; - java.lang.Class::privateGetDeclaredFields@34 (line 3297)
  0x000001ff50396cd0: 0106 0000 

  0x000001ff50396cd4: ;   {metadata(method data for {method} {0x000001ff0043bcc8} 'privateGetDeclaredFields' '(Z)[Ljava/lang/reflect/Field;' in 'java/lang/Class')}
  0x000001ff50396cd4: 49b8 007b | 2464 ff01 | 0000 4983 | 80f8 0100 

  0x000001ff50396ce4: ;   {metadata(method data for {method} {0x000001ff0041c3e0} 'filterFields' '(Ljava/lang/Class;[Ljava/lang/reflect/Field;)[Ljava/lang/reflect/Field;' in 'jdk/internal/reflect/Reflection')}
  0x000001ff50396ce4: 0001 49b8 | a87d 2464 | ff01 0000 | 418b 90cc | 0000 0083 | c202 4189 | 90cc 0000 | 0081 e2fe 
  0x000001ff50396d04: ff1f 0083 | fa00 0f84 | 8604 0000 

  0x000001ff50396d10: ;   {oop(a 'java/lang/Class'{0x00000000c8d2d430} = 'jdk/internal/reflect/Reflection')}
  0x000001ff50396d10: 49b8 30d4 | d2c8 0000 | 0000 458b | 4070 4983 

  0x000001ff50396d20: ;   {metadata(method data for {method} {0x000001ff0041c3e0} 'filterFields' '(Ljava/lang/Class;[Ljava/lang/reflect/Field;)[Ljava/lang/reflect/Field;' in 'jdk/internal/reflect/Reflection')}
  0x000001ff50396d20: f800 49b8 | a87d 2464 | ff01 0000 | 48ba 2001 | 0000 0000 | 0000 0f84 | 0a00 0000 | 48ba 1001 
  0x000001ff50396d40: 0000 0000 | 0000 498b | 3410 488d | 7601 4989 | 3410 0f84 | eb02 0000 | 4889 4424 | 5848 8b54 
  0x000001ff50396d60: ;   {oop(a 'java/lang/Class'{0x00000000c8d2d430} = 'jdk/internal/reflect/Reflection')}
  0x000001ff50396d60: 2448 49b8 | 30d4 d2c8 | 0000 0000 | 418b 7070 

  0x000001ff50396d70: ; implicit exception: dispatches to 0x000001ff503971b7
  0x000001ff50396d70: 483b 064c 

  0x000001ff50396d74: ;   {metadata(method data for {method} {0x000001ff0041c3e0} 'filterFields' '(Ljava/lang/Class;[Ljava/lang/reflect/Field;)[Ljava/lang/reflect/Field;' in 'jdk/internal/reflect/Reflection')}
  0x000001ff50396d74: 8bc6 48bf | a87d 2464 | ff01 0000 | 458b 4008 | 49ba 0000 | 0000 ff01 | 0000 4d03 | c24c 3b87 
  0x000001ff50396d94: 4001 0000 | 750d 4883 | 8748 0100 | 0001 e966 | 0000 004c | 3b87 5001 | 0000 750d | 4883 8758 
  0x000001ff50396db4: 0100 0001 | e950 0000 | 0048 81bf | 4001 0000 | 0000 0000 | 7517 4c89 | 8740 0100 | 0048 c787 
  0x000001ff50396dd4: 4801 0000 | 0100 0000 | e92c 0000 | 0048 81bf | 5001 0000 | 0000 0000 | 7517 4c89 | 8750 0100 
  0x000001ff50396df4: 0048 c787 | 5801 0000 | 0100 0000 | e908 0000 | 0048 8387 | 3001 0000 | 014c 8bc2 | 488b d666 
  0x000001ff50396e14: 9048 b870 | 440b 00ff 

  0x000001ff50396e1c: ;   {virtual_call}
  0x000001ff50396e1c: 0100 00e8 

  0x000001ff50396e20: ; ImmutableOopMap {[80]=Oop [88]=Oop }
                      ;*invokeinterface get {reexecute=0 rethrow=0 return_oop=0}
                      ; - jdk.internal.reflect.Reflection::filterFields@13 (line 300)
                      ; - java.lang.Class::privateGetDeclaredFields@37 (line 3297)
  0x000001ff50396e20: 7c38 8d07 | 4883 f800 

  0x000001ff50396e28: ;   {metadata(method data for {method} {0x000001ff0041c3e0} 'filterFields' '(Ljava/lang/Class;[Ljava/lang/reflect/Field;)[Ljava/lang/reflect/Field;' in 'jdk/internal/reflect/Reflection')}
  0x000001ff50396e28: 7516 48be | a87d 2464 | ff01 0000 | 808e 6101 | 0000 01e9 | ee00 0000 

  0x000001ff50396e40: ;   {metadata('java/util/Set')}
  0x000001ff50396e40: 48bf c088 | 0100 ff01 | 0000 8b70 | 0849 ba00 | 0000 00ff | 0100 0049 | 03f2 483b | 7e20 0f84 
  0x000001ff50396e60: 1b00 0000 | 483b f70f | 8412 0000 

  0x000001ff50396e6c: ;   {runtime_call slow_subtype_check Runtime1 stub}
  0x000001ff50396e6c: 0056 57e8 | 8c2f 3a07 | 5e5e 83fe | 000f 8493 

  0x000001ff50396e7c: ;   {metadata(method data for {method} {0x000001ff0041c3e0} 'filterFields' '(Ljava/lang/Class;[Ljava/lang/reflect/Field;)[Ljava/lang/reflect/Field;' in 'jdk/internal/reflect/Reflection')}
  0x000001ff50396e7c: 0000 0048 | bea8 7d24 | 64ff 0100 | 008b 7808 | 49ba 0000 | 0000 ff01 | 0000 4903 | fa48 3bbe 
  0x000001ff50396e9c: 7801 0000 | 750d 4883 | 8680 0100 | 0001 e97f | 0000 0048 | 3bbe 8801 | 0000 750d | 4883 8690 
  0x000001ff50396ebc: 0100 0001 | e969 0000 | 0048 81be | 7801 0000 | 0000 0000 | 7517 4889 | be78 0100 | 0048 c786 
  0x000001ff50396edc: 8001 0000 | 0100 0000 | e945 0000 | 0048 81be | 8801 0000 | 0000 0000 | 7517 4889 | be88 0100 
  0x000001ff50396efc: 0048 c786 | 9001 0000 | 0100 0000 | e921 0000 | 00e9 1c00 

  0x000001ff50396f10: ;   {metadata(method data for {method} {0x000001ff0041c3e0} 'filterFields' '(Ljava/lang/Class;[Ljava/lang/reflect/Field;)[Ljava/lang/reflect/Field;' in 'jdk/internal/reflect/Reflection')}
  0x000001ff50396f10: 0000 48be | a87d 2464 | ff01 0000 | 4883 ae68 | 0100 0001 | e993 0200 | 00e9 0000 | 0000 4c8b 
  0x000001ff50396f30: ;   {metadata(method data for {method} {0x000001ff0041c3e0} 'filterFields' '(Ljava/lang/Class;[Ljava/lang/reflect/Field;)[Ljava/lang/reflect/Field;' in 'jdk/internal/reflect/Reflection')}
  0x000001ff50396f30: c048 baa8 | 7d24 64ff | 0100 0048 | 8382 a001 | 0000 0148 | 8b54 2458 | 0f1f 8000 

  0x000001ff50396f4c: ;   {static_call}
  0x000001ff50396f4c: 0000 00e8 

  0x000001ff50396f50: ; ImmutableOopMap {[80]=Oop }
                      ;*invokestatic filter {reexecute=0 rethrow=0 return_oop=0}
                      ; - jdk.internal.reflect.Reflection::filterFields@21 (line 300)
                      ; - java.lang.Class::privateGetDeclaredFields@37 (line 3297)
  0x000001ff50396f50: ace6 0400 | 4883 f800 

  0x000001ff50396f58: ;   {metadata(method data for {method} {0x000001ff0041c3e0} 'filterFields' '(Ljava/lang/Class;[Ljava/lang/reflect/Field;)[Ljava/lang/reflect/Field;' in 'jdk/internal/reflect/Reflection')}
  0x000001ff50396f58: 7516 48bf | a87d 2464 | ff01 0000 | 808f a901 | 0000 01e9 | d300 0000 

  0x000001ff50396f70: ;   {metadata('java/lang/reflect/Field'[])}
  0x000001ff50396f70: 48bb 789b | 0501 ff01 | 0000 8b78 | 0849 ba00 | 0000 00ff | 0100 0049 | 03fa 483b | 5f48 0f85 
  0x000001ff50396f90: 9300 0000 

  0x000001ff50396f94: ;   {metadata(method data for {method} {0x000001ff0041c3e0} 'filterFields' '(Ljava/lang/Class;[Ljava/lang/reflect/Field;)[Ljava/lang/reflect/Field;' in 'jdk/internal/reflect/Reflection')}
  0x000001ff50396f94: 48bf a87d | 2464 ff01 | 0000 8b58 | 0849 ba00 | 0000 00ff | 0100 0049 | 03da 483b | 9fc0 0100 
  0x000001ff50396fb4: 0075 0d48 | 8387 c801 | 0000 01e9 | 7f00 0000 | 483b 9fd0 | 0100 0075 | 0d48 8387 | d801 0000 
  0x000001ff50396fd4: 01e9 6900 | 0000 4881 | bfc0 0100 | 0000 0000 | 0075 1748 | 899f c001 | 0000 48c7 | 87c8 0100 
  0x000001ff50396ff4: 0001 0000 | 00e9 4500 | 0000 4881 | bfd0 0100 | 0000 0000 | 0075 1748 | 899f d001 | 0000 48c7 
  0x000001ff50397014: 87d8 0100 | 0001 0000 | 00e9 2100 | 0000 e91c 

  0x000001ff50397024: ;   {metadata(method data for {method} {0x000001ff0041c3e0} 'filterFields' '(Ljava/lang/Class;[Ljava/lang/reflect/Field;)[Ljava/lang/reflect/Field;' in 'jdk/internal/reflect/Reflection')}
  0x000001ff50397024: 0000 0048 | bfa8 7d24 | 64ff 0100 | 0048 83af | b001 0000 | 01e9 8701 | 0000 e900 | 0000 0048 
  0x000001ff50397044: 8b74 2450 | 4883 fe00 

  0x000001ff5039704c: ;   {metadata(method data for {method} {0x000001ff0043bcc8} 'privateGetDeclaredFields' '(Z)[Ljava/lang/reflect/Field;' in 'java/lang/Class')}
  0x000001ff5039704c: 48bf 007b | 2464 ff01 | 0000 48bb | 0802 0000 | 0000 0000 | 0f84 0a00 | 0000 48bb | 1802 0000 
  0x000001ff5039706c: 0000 0000 | 488b 141f | 488d 5201 | 4889 141f | 0f84 c000 | 0000 448b | 4424 4041 

  0x000001ff50397088: ;   {metadata(method data for {method} {0x000001ff0043bcc8} 'privateGetDeclaredFields' '(Z)[Ljava/lang/reflect/Field;' in 'java/lang/Class')}
  0x000001ff50397088: 83f8 0048 | bf00 7b24 | 64ff 0100 | 0048 bb28 | 0200 0000 | 0000 000f | 840a 0000 | 0048 bb38 
  0x000001ff503970a8: 0200 0000 | 0000 0048 | 8b14 1f48 | 8d52 0148 | 8914 1f0f | 8452 0000 | 0041 0fbe | 7f38 83ff 
  0x000001ff503970c8: 000f 85ff | 0000 004c | 8bd0 4489 | 5628 f083 | 4424 c000 | 488b fe48 | 33f8 48c1 | ef14 4883 
  0x000001ff503970e8: ff00 0f85 | fe00 0000 

  0x000001ff503970f0: ;   {metadata(method data for {method} {0x000001ff0043bcc8} 'privateGetDeclaredFields' '(Z)[Ljava/lang/reflect/Field;' in 'java/lang/Class')}
  0x000001ff503970f0: 48be 007b | 2464 ff01 | 0000 ff86 | 4802 0000 | 4883 c470 

  0x000001ff50397104: ;   {poll_return}
  0x000001ff50397104: 5d49 3ba7 | 5003 0000 | 0f87 f400 | 0000 c341 | 0fbe 7f38 | 83ff 000f | 85fb 0000 | 004c 8bd0 
  0x000001ff50397124: ; implicit exception: dispatches to 0x000001ff50397237
  0x000001ff50397124: 4489 5610 | f083 4424 | c000 488b | fe48 33f8 | 48c1 ef14 | 4883 ff00 | 0f85 fa00 | 0000 4883 
  0x000001ff50397144: ;   {poll_return}
  0x000001ff50397144: c470 5d49 | 3ba7 5003 | 0000 0f87 | 0001 0000 | c348 8bc2 | 4883 c470 

  0x000001ff5039715c: ;   {poll_return}
  0x000001ff5039715c: 5d49 3ba7 | 5003 0000 | 0f87 0001 

  0x000001ff50397168: ;   {metadata({method} {0x000001ff0043bcc8} 'privateGetDeclaredFields' '(Z)[Ljava/lang/reflect/Field;' in 'java/lang/Class')}
  0x000001ff50397168: 0000 c349 | bac0 bc43 | 00ff 0100 | 004c 8954 | 2408 48c7 | 0424 ffff 

  0x000001ff50397180: ;   {runtime_call counter_overflow Runtime1 stub}
  0x000001ff50397180: ffff e879 

  0x000001ff50397184: ; ImmutableOopMap {rdx=Oop }
                      ;*synchronization entry
                      ; - java.lang.Class::privateGetDeclaredFields@-1 (line 3291)
  0x000001ff50397184: 533a 07e9 | 0dfa ffff 

  0x000001ff5039718c: ;   {runtime_call throw_null_pointer_exception Runtime1 stub}
  0x000001ff5039718c: e80f 2331 

  0x000001ff50397190: ; ImmutableOopMap {[72]=Oop rax=Oop }
                      ;*getfield declaredPublicFields {reexecute=1 rethrow=0 return_oop=0}
                      ; - (reexecute) java.lang.Class::privateGetDeclaredFields@14 (line 3293)
                      ;   {runtime_call throw_null_pointer_exception Runtime1 stub}
  0x000001ff50397190: 07e8 0a23 

  0x000001ff50397194: ; ImmutableOopMap {[72]=Oop rax=Oop }
                      ;*getfield declaredFields {reexecute=1 rethrow=0 return_oop=0}
                      ; - (reexecute) java.lang.Class::privateGetDeclaredFields@21 (line 3293)
                      ;   {metadata({method} {0x000001ff0041c3e0} 'filterFields' '(Ljava/lang/Class;[Ljava/lang/reflect/Field;)[Ljava/lang/reflect/Field;' in 'jdk/internal/reflect/Reflection')}
  0x000001ff50397194: 3107 49ba | d8c3 4100 | ff01 0000 | 4c89 5424 | 0848 c704 | 24ff ffff 

  0x000001ff503971ac: ;   {runtime_call counter_overflow Runtime1 stub}
  0x000001ff503971ac: ffe8 4e53 

  0x000001ff503971b0: ; ImmutableOopMap {[72]=Oop [80]=Oop rax=Oop }
                      ;*synchronization entry
                      ; - jdk.internal.reflect.Reflection::filterFields@-1 (line 296)
                      ; - java.lang.Class::privateGetDeclaredFields@37 (line 3297)
  0x000001ff503971b0: 3a07 e959 

  0x000001ff503971b4: ;   {runtime_call throw_null_pointer_exception Runtime1 stub}
  0x000001ff503971b4: fbff ffe8 

  0x000001ff503971b8: ; ImmutableOopMap {[80]=Oop rdx=Oop [88]=Oop rsi=Oop }
                      ;*invokeinterface get {reexecute=0 rethrow=0 return_oop=0}
                      ; - jdk.internal.reflect.Reflection::filterFields@13 (line 300)
                      ; - java.lang.Class::privateGetDeclaredFields@37 (line 3297)
  0x000001ff503971b8: e422 3107 | 4889 0424 

  0x000001ff503971c0: ;   {runtime_call throw_class_cast_exception Runtime1 stub}
  0x000001ff503971c0: e85b 263a 

  0x000001ff503971c4: ; ImmutableOopMap {[80]=Oop [88]=Oop }
                      ;*checkcast {reexecute=0 rethrow=0 return_oop=0}
                      ; - jdk.internal.reflect.Reflection::filterFields@18 (line 300)
                      ; - java.lang.Class::privateGetDeclaredFields@37 (line 3297)
  0x000001ff503971c4: 0748 8904 

  0x000001ff503971c8: ;   {runtime_call throw_class_cast_exception Runtime1 stub}
  0x000001ff503971c8: 24e8 5226 

  0x000001ff503971cc: ; ImmutableOopMap {[80]=Oop }
                      ;*checkcast {reexecute=0 rethrow=0 return_oop=0}
                      ; - jdk.internal.reflect.Reflection::filterFields@24 (line 300)
                      ; - java.lang.Class::privateGetDeclaredFields@37 (line 3297)
  0x000001ff503971cc: 3a07 8b7e | 2848 83ff | 000f 84f4 | feff ff48 

  0x000001ff503971dc: ;   {runtime_call g1_pre_barrier_slow}
  0x000001ff503971dc: 893c 24e8 | 1c59 3a07 | e9e6 feff 

  0x000001ff503971e8: ;   {runtime_call throw_null_pointer_exception Runtime1 stub}
  0x000001ff503971e8: ffe8 b222 

  0x000001ff503971ec: ; ImmutableOopMap {rax=Oop rsi=Oop }
                      ;*putfield declaredPublicFields {reexecute=1 rethrow=0 return_oop=0}
                      ; - (reexecute) java.lang.Class::privateGetDeclaredFields@51 (line 3300)
  0x000001ff503971ec: 3107 4883 | f800 0f84 | f8fe ffff | 4889 3424 

  0x000001ff503971fc: ;   {runtime_call g1_post_barrier_slow}
  0x000001ff503971fc: e8ff 5b3a | 07e9 eafe 

  0x000001ff50397204: ;   {internal_word}
  0x000001ff50397204: ffff 49ba | 0571 3950 | ff01 0000 | 4d89 9768 

  0x000001ff50397214: ;   {runtime_call SafepointBlob}
  0x000001ff50397214: 0300 00e9 | e407 3007 

  0x000001ff5039721c: ; implicit exception: dispatches to 0x000001ff50397285
  0x000001ff5039721c: 8b7e 1048 | 83ff 000f | 84f8 feff | ff48 893c 

  0x000001ff5039722c: ;   {runtime_call g1_pre_barrier_slow}
  0x000001ff5039722c: 24e8 ce58 | 3a07 e9ea 

  0x000001ff50397234: ;   {runtime_call throw_null_pointer_exception Runtime1 stub}
  0x000001ff50397234: feff ffe8 

  0x000001ff50397238: ; ImmutableOopMap {rax=Oop rsi=Oop }
                      ;*putfield declaredFields {reexecute=1 rethrow=0 return_oop=0}
                      ; - (reexecute) java.lang.Class::privateGetDeclaredFields@59 (line 3302)
  0x000001ff50397238: 6422 3107 | 4883 f800 | 0f84 fcfe | ffff 4889 

  0x000001ff50397248: ;   {runtime_call g1_post_barrier_slow}
  0x000001ff50397248: 3424 e8b1 | 5b3a 07e9 | eefe ffff 

  0x000001ff50397254: ;   {internal_word}
  0x000001ff50397254: 49ba 4771 | 3950 ff01 | 0000 4d89 | 9768 0300 

  0x000001ff50397264: ;   {runtime_call SafepointBlob}
  0x000001ff50397264: 00e9 9607 

  0x000001ff50397268: ;   {internal_word}
  0x000001ff50397268: 3007 49ba | 5d71 3950 | ff01 0000 | 4d89 9768 

  0x000001ff50397278: ;   {runtime_call SafepointBlob}
  0x000001ff50397278: 0300 00e9 | 8007 3007 

  0x000001ff50397280: ;   {runtime_call throw_null_pointer_exception Runtime1 stub}
  0x000001ff50397280: e81b 2231 

  0x000001ff50397284: ; ImmutableOopMap {rax=Oop rsi=Oop }
                      ;*putfield declaredPublicFields {reexecute=1 rethrow=0 return_oop=0}
                      ; - (reexecute) java.lang.Class::privateGetDeclaredFields@51 (line 3300)
                      ;   {runtime_call throw_null_pointer_exception Runtime1 stub}
  0x000001ff50397284: 07e8 1622 

  0x000001ff50397288: ; ImmutableOopMap {rax=Oop rsi=Oop }
                      ;*putfield declaredFields {reexecute=1 rethrow=0 return_oop=0}
                      ; - (reexecute) java.lang.Class::privateGetDeclaredFields@59 (line 3302)
  0x000001ff50397288: 3107 9090 | 498b 87e0 | 0300 0049 | c787 e003 | 0000 0000 | 0000 49c7 | 87e8 0300 | 0000 0000 
  0x000001ff503972a8: 0048 83c4 

  0x000001ff503972ac: ;   {runtime_call unwind_exception Runtime1 stub}
  0x000001ff503972ac: 705d e9cd | 3031 07f4 | f4f4 f4f4 | f4f4 f4f4 | f4f4 f4f4 
[Stub Code]
  0x000001ff503972c0: ;   {no_reloc}
  0x000001ff503972c0: 0f1f 4400 

  0x000001ff503972c4: ;   {static_stub}
  0x000001ff503972c4: 0048 bb00 | 0000 0000 

  0x000001ff503972cc: ;   {runtime_call}
  0x000001ff503972cc: 0000 00e9 | fbff ffff 

  0x000001ff503972d4: ;   {static_stub}
  0x000001ff503972d4: 9048 bbb0 | b743 00ff 

  0x000001ff503972dc: ;   {runtime_call I2C/C2I adapters}
  0x000001ff503972dc: 0100 00e9 | 79f0 2f07 

  0x000001ff503972e4: ;   {static_stub}
  0x000001ff503972e4: 9048 bb00 | 0000 0000 

  0x000001ff503972ec: ;   {runtime_call}
  0x000001ff503972ec: 0000 00e9 | fbff ffff 

  0x000001ff503972f4: ;   {static_stub}
  0x000001ff503972f4: 9048 bb88 | c441 00ff 

  0x000001ff503972fc: ;   {runtime_call I2C/C2I adapters}
  0x000001ff503972fc: 0100 00e9 | 59f3 2f07 
[Exception Handler]
  0x000001ff50397304: ;   {runtime_call handle_exception_from_callee Runtime1 stub}
  0x000001ff50397304: e877 0331 

  0x000001ff50397308: ;   {external_word}
  0x000001ff50397308: 0748 b940 | ca43 fef8 | 7f00 0048 

  0x000001ff50397314: ;   {runtime_call}
  0x000001ff50397314: 83e4 f049 | ba00 530c | fef8 7f00 | 0041 ffd2 

  0x000001ff50397324: ;   {section_word}
  0x000001ff50397324: f449 ba25 | 7339 50ff | 0100 0041 

  0x000001ff50397330: ;   {runtime_call DeoptimizationBlob}
  0x000001ff50397330: 52e9 6af9 | 2f07 f4f4 
[/MachCode]


Compiled method (c1)    4495 1432       3       java.lang.Class::getDeclaredFields (27 bytes)
 total in heap  [0x000001ff503ddf10,0x000001ff503de518] = 1544
 relocation     [0x000001ff503de068,0x000001ff503de0e8] = 128
 main code      [0x000001ff503de100,0x000001ff503de3a0] = 672
 stub code      [0x000001ff503de3a0,0x000001ff503de418] = 120
 metadata       [0x000001ff503de418,0x000001ff503de430] = 24
 scopes data    [0x000001ff503de430,0x000001ff503de480] = 80
 scopes pcs     [0x000001ff503de480,0x000001ff503de510] = 144
 dependencies   [0x000001ff503de510,0x000001ff503de518] = 8

[Constant Pool (empty)]

[MachCode]
[Entry Point]
  # {method} {0x000001ff0043a610} 'getDeclaredFields' '()[Ljava/lang/reflect/Field;' in 'java/lang/Class'
  #           [sp+0x80]  (sp of caller)
  0x000001ff503de100: 448b 5208 | 49bb 0000 | 0000 ff01 | 0000 4d03 | d34c 3bd0 

  0x000001ff503de114: ;   {runtime_call ic_miss_stub}
  0x000001ff503de114: 0f85 662f | 2b07 660f | 1f44 0000 
[Verified Entry Point]
  0x000001ff503de120: 8984 2400 | 90ff ff55 | 4883 ec70 

  0x000001ff503de12c: ;   {metadata(method data for {method} {0x000001ff0043a610} 'getDeclaredFields' '()[Ljava/lang/reflect/Field;' in 'java/lang/Class')}
  0x000001ff503de12c: 48be a896 | 2564 ff01 | 0000 8bbe | cc00 0000 | 83c7 0289 | becc 0000 | 0081 e7fe | 0700 0083 
  0x000001ff503de14c: ff00 0f84 | a301 0000 

  0x000001ff503de154: ;   {metadata(method data for {method} {0x000001ff0043a610} 'getDeclaredFields' '()[Ljava/lang/reflect/Field;' in 'java/lang/Class')}
  0x000001ff503de154: 48be a896 | 2564 ff01 | 0000 4883 | 8610 0100 

  0x000001ff503de164: ;   {metadata(method data for {method} {0x000001ff0001e1b0} 'getSecurityManager' '()Ljava/lang/SecurityManager;' in 'java/lang/System')}
  0x000001ff503de164: 0001 48be | 2851 0464 | ff01 0000 | 8bbe cc00 | 0000 83c7 | 0289 becc | 0000 0081 | e7fe ff1f 
  0x000001ff503de184: 0083 ff00 | 0f84 8a01 

  0x000001ff503de18c: ;   {metadata(method data for {method} {0x000001ff0001e1b0} 'getSecurityManager' '()Ljava/lang/SecurityManager;' in 'java/lang/System')}
  0x000001ff503de18c: 0000 48be | 2851 0464 | ff01 0000 | 4883 8610 | 0100 0001 

  0x000001ff503de1a0: ;   {metadata(method data for {method} {0x000001ff0001e2c8} 'allowSecurityManager' '()Z' in 'java/lang/System')}
  0x000001ff503de1a0: 48be a052 | 0464 ff01 | 0000 8bbe | cc00 0000 | 83c7 0289 | becc 0000 | 0081 e7fe | ff1f 0083 
  0x000001ff503de1c0: ff00 0f84 | 7101 0000 

  0x000001ff503de1c8: ;   {metadata(method data for {method} {0x000001ff0001e2c8} 'allowSecurityManager' '()Z' in 'java/lang/System')}
  0x000001ff503de1c8: 48be a052 | 0464 ff01 | 0000 ff86 | 2001 0000 

  0x000001ff503de1d8: ;   {metadata(method data for {method} {0x000001ff0001e2c8} 'allowSecurityManager' '()Z' in 'java/lang/System')}
  0x000001ff503de1d8: 48be a052 | 0464 ff01 | 0000 ff86 | 3001 0000 

  0x000001ff503de1e8: ;   {metadata(method data for {method} {0x000001ff0001e1b0} 'getSecurityManager' '()Ljava/lang/SecurityManager;' in 'java/lang/System')}
  0x000001ff503de1e8: 48be 2851 | 0464 ff01 | 0000 ff86 | 3001 0000 

  0x000001ff503de1f8: ;   {oop(a 'java/lang/Class'{0x00000000c8d2e7d0} = 'java/lang/System')}
  0x000001ff503de1f8: 48be d0e7 | d2c8 0000 | 0000 8b76 | 7c48 83fe 

  0x000001ff503de208: ;   {metadata(method data for {method} {0x000001ff0043a610} 'getDeclaredFields' '()[Ljava/lang/reflect/Field;' in 'java/lang/Class')}
  0x000001ff503de208: 0048 bfa8 | 9625 64ff | 0100 0048 | bb20 0100 | 0000 0000 | 000f 840a | 0000 0048 | bb30 0100 
  0x000001ff503de228: 0000 0000 | 0048 8b04 | 1f48 8d40 | 0148 8904 | 1f0f 8462 | 0000 0048 | 8974 2460 | 4889 5424 
  0x000001ff503de248: ;   {metadata(method data for {method} {0x000001ff0043a610} 'getDeclaredFields' '()[Ljava/lang/reflect/Field;' in 'java/lang/Class')}
  0x000001ff503de248: 5848 bfa8 | 9625 64ff | 0100 0048 | 8387 4001 | 0000 010f 

  0x000001ff503de25c: ;   {static_call}
  0x000001ff503de25c: 1f40 00e8 

  0x000001ff503de260: ; ImmutableOopMap {[88]=Oop [96]=Oop }
                      ;*invokestatic getCallerClass {reexecute=0 rethrow=0 return_oop=0}
                      ; - java.lang.Class::getDeclaredFields@11 (line 2369)
  0x000001ff503de260: 1c37 2b07 | 488b 5424 

  0x000001ff503de268: ;   {metadata(method data for {method} {0x000001ff0043a610} 'getDeclaredFields' '()[Ljava/lang/reflect/Field;' in 'java/lang/Class')}
  0x000001ff503de268: 5849 b8a8 | 9625 64ff | 0100 0049 | 8380 5001 | 0000 014c | 8b44 2460 | 41b9 0100 | 0000 488b 
  0x000001ff503de288: f8be 0100 | 0000 488b | 5424 580f 

  0x000001ff503de294: ;   {optimized virtual_call}
  0x000001ff503de294: 1f40 00e8 

  0x000001ff503de298: ; ImmutableOopMap {[88]=Oop }
                      ;*invokevirtual checkMemberAccess {reexecute=0 rethrow=0 return_oop=0}
                      ; - java.lang.Class::getDeclaredFields@15 (line 2369)
  0x000001ff503de298: e430 2b07 | 488b 5424 | 584c 8bc2 

  0x000001ff503de2a4: ;   {metadata(method data for {method} {0x000001ff0043a610} 'getDeclaredFields' '()[Ljava/lang/reflect/Field;' in 'java/lang/Class')}
  0x000001ff503de2a4: 48be a896 | 2564 ff01 | 0000 4883 | 8688 0100 | 0001 41b8 | 0000 0000 

  0x000001ff503de2bc: ;   {optimized virtual_call}
  0x000001ff503de2bc: 6666 90e8 

  0x000001ff503de2c0: ; ImmutableOopMap {}
                      ;*invokevirtual privateGetDeclaredFields {reexecute=0 rethrow=0 return_oop=0}
                      ; - java.lang.Class::getDeclaredFields@20 (line 2371)
  0x000001ff503de2c0: 9c88 fbff 

  0x000001ff503de2c4: ;   {metadata(method data for {method} {0x000001ff0043a610} 'getDeclaredFields' '()[Ljava/lang/reflect/Field;' in 'java/lang/Class')}
  0x000001ff503de2c4: 48ba a896 | 2564 ff01 | 0000 4883 | 82c0 0100 | 0001 488b | d066 0f1f 

  0x000001ff503de2dc: ;   {static_call}
  0x000001ff503de2dc: 4400 00e8 

  0x000001ff503de2e0: ; ImmutableOopMap {}
                      ;*invokestatic copyFields {reexecute=0 rethrow=0 return_oop=0}
                      ; - java.lang.Class::getDeclaredFields@23 (line 2371)
  0x000001ff503de2e0: 9c4b feff | 4883 c470 

  0x000001ff503de2e8: ;   {poll_return}
  0x000001ff503de2e8: 5d49 3ba7 | 5003 0000 | 0f87 6400 

  0x000001ff503de2f4: ;   {metadata({method} {0x000001ff0043a610} 'getDeclaredFields' '()[Ljava/lang/reflect/Field;' in 'java/lang/Class')}
  0x000001ff503de2f4: 0000 c349 | ba08 a643 | 00ff 0100 | 004c 8954 | 2408 48c7 | 0424 ffff 

  0x000001ff503de30c: ;   {runtime_call counter_overflow Runtime1 stub}
  0x000001ff503de30c: ffff e8ed 

  0x000001ff503de310: ; ImmutableOopMap {rdx=Oop }
                      ;*synchronization entry
                      ; - java.lang.Class::getDeclaredFields@-1 (line 2367)
  0x000001ff503de310: e135 07e9 | 3cfe ffff 

  0x000001ff503de318: ;   {metadata({method} {0x000001ff0001e1b0} 'getSecurityManager' '()Ljava/lang/SecurityManager;' in 'java/lang/System')}
  0x000001ff503de318: 49ba a8e1 | 0100 ff01 | 0000 4c89 | 5424 0848 | c704 24ff 

  0x000001ff503de32c: ;   {runtime_call counter_overflow Runtime1 stub}
  0x000001ff503de32c: ffff ffe8 

  0x000001ff503de330: ; ImmutableOopMap {rdx=Oop }
                      ;*synchronization entry
                      ; - java.lang.System::getSecurityManager@-1 (line 484)
                      ; - java.lang.Class::getDeclaredFields@0 (line 2367)
  0x000001ff503de330: cce1 3507 | e955 feff 

  0x000001ff503de338: ;   {metadata({method} {0x000001ff0001e2c8} 'allowSecurityManager' '()Z' in 'java/lang/System')}
  0x000001ff503de338: ff49 bac0 | e201 00ff | 0100 004c | 8954 2408 | 48c7 0424 | ffff ffff 

  0x000001ff503de350: ;   {runtime_call counter_overflow Runtime1 stub}
  0x000001ff503de350: e8ab e135 

  0x000001ff503de354: ; ImmutableOopMap {rdx=Oop }
                      ;*synchronization entry
                      ; - java.lang.System::allowSecurityManager@-1 (line 194)
                      ; - java.lang.System::getSecurityManager@0 (line 484)
                      ; - java.lang.Class::getDeclaredFields@0 (line 2367)
  0x000001ff503de354: 07e9 6efe 

  0x000001ff503de358: ;   {internal_word}
  0x000001ff503de358: ffff 49ba | e9e2 3d50 | ff01 0000 | 4d89 9768 

  0x000001ff503de368: ;   {runtime_call SafepointBlob}
  0x000001ff503de368: 0300 00e9 | 9096 2b07 | 9090 498b | 87e0 0300 | 0049 c787 | e003 0000 | 0000 0000 | 49c7 87e8 
  0x000001ff503de388: 0300 0000 | 0000 0048 | 83c4 705d 

  0x000001ff503de394: ;   {runtime_call unwind_exception Runtime1 stub}
  0x000001ff503de394: e9e7 bf2c | 07f4 f4f4 | f4f4 f4f4 
[Stub Code]
  0x000001ff503de3a0: ;   {no_reloc}
  0x000001ff503de3a0: 0f1f 4400 

  0x000001ff503de3a4: ;   {static_stub}
  0x000001ff503de3a4: 0048 bb00 | 0000 0000 

  0x000001ff503de3ac: ;   {runtime_call}
  0x000001ff503de3ac: 0000 00e9 | fbff ffff 

  0x000001ff503de3b4: ;   {static_stub}
  0x000001ff503de3b4: 9048 bb00 | 0000 0000 

  0x000001ff503de3bc: ;   {runtime_call}
  0x000001ff503de3bc: 0000 00e9 | fbff ffff 

  0x000001ff503de3c4: ;   {static_stub}
  0x000001ff503de3c4: 9048 bb00 | 0000 0000 

  0x000001ff503de3cc: ;   {runtime_call}
  0x000001ff503de3cc: 0000 00e9 | fbff ffff 

  0x000001ff503de3d4: ;   {static_stub}
  0x000001ff503de3d4: 9048 bb00 | 0000 0000 

  0x000001ff503de3dc: ;   {runtime_call}
  0x000001ff503de3dc: 0000 00e9 | fbff ffff 
[Exception Handler]
  0x000001ff503de3e4: ;   {runtime_call handle_exception_from_callee Runtime1 stub}
  0x000001ff503de3e4: e897 922c 

  0x000001ff503de3e8: ;   {external_word}
  0x000001ff503de3e8: 0748 b940 | ca43 fef8 | 7f00 0048 

  0x000001ff503de3f4: ;   {runtime_call}
  0x000001ff503de3f4: 83e4 f049 | ba00 530c | fef8 7f00 | 0041 ffd2 

  0x000001ff503de404: ;   {section_word}
  0x000001ff503de404: f449 ba05 | e43d 50ff | 0100 0041 

  0x000001ff503de410: ;   {runtime_call DeoptimizationBlob}
  0x000001ff503de410: 52e9 8a88 | 2b07 f4f4 
[/MachCode]


---------------  P R O C E S S  ---------------

Threads class SMR info:
_java_thread_list=0x000001ff68038650, length=12, elements={
0x000001ff46dbf4a0, 0x000001ff46e66860, 0x000001ff46e676e0, 0x000001ff46e7d900,
0x000001ff46e7e780, 0x000001ff63d823f0, 0x000001ff63d82cc0, 0x000001ff63d838c0,
0x000001ff63defbc0, 0x000001ff63df44c0, 0x000001ff6805aff0, 0x000001ff6805c130
}

Java Threads: ( => current thread )
=>0x000001ff46dbf4a0 JavaThread "main" [_thread_in_vm, id=4396, stack(0x000000c392b00000,0x000000c392c00000)]
  0x000001ff46e66860 JavaThread "Reference Handler" daemon [_thread_blocked, id=2184, stack(0x000000c393200000,0x000000c393300000)]
  0x000001ff46e676e0 JavaThread "Finalizer" daemon [_thread_blocked, id=2768, stack(0x000000c393300000,0x000000c393400000)]
  0x000001ff46e7d900 JavaThread "Signal Dispatcher" daemon [_thread_blocked, id=8544, stack(0x000000c393400000,0x000000c393500000)]
  0x000001ff46e7e780 JavaThread "Attach Listener" daemon [_thread_blocked, id=14408, stack(0x000000c393500000,0x000000c393600000)]
  0x000001ff63d823f0 JavaThread "Service Thread" daemon [_thread_blocked, id=15660, stack(0x000000c393600000,0x000000c393700000)]
  0x000001ff63d82cc0 JavaThread "Monitor Deflation Thread" daemon [_thread_blocked, id=16112, stack(0x000000c393700000,0x000000c393800000)]
  0x000001ff63d838c0 JavaThread "C2 CompilerThread0" daemon [_thread_blocked, id=11424, stack(0x000000c393800000,0x000000c393900000)]
  0x000001ff63defbc0 JavaThread "C1 CompilerThread0" daemon [_thread_blocked, id=14740, stack(0x000000c393900000,0x000000c393a00000)]
  0x000001ff63df44c0 JavaThread "Sweeper thread" daemon [_thread_blocked, id=5828, stack(0x000000c393a00000,0x000000c393b00000)]
  0x000001ff6805aff0 JavaThread "Notification Thread" daemon [_thread_blocked, id=7656, stack(0x000000c393b00000,0x000000c393c00000)]
  0x000001ff6805c130 JavaThread "Common-Cleaner" daemon [_thread_blocked, id=13984, stack(0x000000c393d00000,0x000000c393e00000)]

Other Threads:
  0x000001ff46e61bf0 VMThread "VM Thread" [stack: 0x000000c393100000,0x000000c393200000] [id=4700]
  0x000001ff6805bce0 WatcherThread [stack: 0x000000c393c00000,0x000000c393d00000] [id=14560]
  0x000001ff46df82c0 GCTaskThread "GC Thread#0" [stack: 0x000000c392c00000,0x000000c392d00000] [id=11016]
  0x000001ff68579790 GCTaskThread "GC Thread#1" [stack: 0x000000c393e00000,0x000000c393f00000] [id=15352]
  0x000001ff688a83a0 GCTaskThread "GC Thread#2" [stack: 0x000000c393f00000,0x000000c394000000] [id=13768]
  0x000001ff688e1980 GCTaskThread "GC Thread#3" [stack: 0x000000c394000000,0x000000c394100000] [id=6572]
  0x000001ff46e00090 ConcurrentGCThread "G1 Main Marker" [stack: 0x000000c392d00000,0x000000c392e00000] [id=13936]
  0x000001ff46e00ab0 ConcurrentGCThread "G1 Conc#0" [stack: 0x000000c392e00000,0x000000c392f00000] [id=2268]
  0x000001ff46e3bd00 ConcurrentGCThread "G1 Refine#0" [stack: 0x000000c392f00000,0x000000c393000000] [id=17044]
  0x000001ff46e3c730 ConcurrentGCThread "G1 Service" [stack: 0x000000c393000000,0x000000c393100000] [id=7240]

Threads with active compile tasks:

VM state: not at safepoint (normal execution)

VM Mutex/Monitor currently owned by a thread:  ([mutex/lock_event])
[0x000001ff46dbb650] Metaspace_lock - owner thread: 0x000001ff46dbf4a0

Heap address: 0x00000000c8c00000, size: 884 MB, Compressed Oops mode: 32-bit

CDS archive(s) mapped at: [0x000001ff00000000-0x000001ff00bb0000-0x000001ff00bb0000), size 12255232, SharedBaseAddress: 0x000001ff00000000, ArchiveRelocationMode: 1.
Compressed class space mapped at: 0x000001ff01000000-0x000001ff41000000, reserved size: 1073741824
Narrow klass base: 0x000001ff00000000, Narrow klass shift: 0, Narrow klass range: 0x100000000

GC Precious Log:
 CPUs: 4 total, 4 available
 Memory: 3530M
 Large Page Support: Disabled
 NUMA Support: Disabled
 Compressed Oops: Enabled (32-bit)
 Heap Region Size: 1M
 Heap Min Capacity: 8M
 Heap Initial Capacity: 56M
 Heap Max Capacity: 884M
 Pre-touch: Disabled
 Parallel Workers: 4
 Concurrent Workers: 1
 Concurrent Refinement Workers: 4
 Periodic GC: Disabled

Heap:
 garbage-first heap   total 57344K, used 5240K [0x00000000c8c00000, 0x0000000100000000)
  region size 1024K, 3 young (3072K), 2 survivors (2048K)
 Metaspace       used 9183K, committed 9344K, reserved 1114112K
  class space    used 1102K, committed 1216K, reserved 1048576K

Heap Regions: E=young(eden), S=young(survivor), O=old, HS=humongous(starts), HC=humongous(continues), CS=collection set, F=free, OA=open archive, CA=closed archive, TAMS=top-at-mark-start (previous, next)
|   0|0x00000000c8c00000, 0x00000000c8d00000, 0x00000000c8d00000|100%| O|  |TAMS 0x00000000c8c00000, 0x00000000c8c00000| Untracked 
|   1|0x00000000c8d00000, 0x00000000c8e00000, 0x00000000c8e00000|100%| O|  |TAMS 0x00000000c8d00000, 0x00000000c8d00000| Untracked 
|   2|0x00000000c8e00000, 0x00000000c8f00000, 0x00000000c8f00000|100%| O|  |TAMS 0x00000000c8e00000, 0x00000000c8e00000| Untracked 
|   3|0x00000000c8f00000, 0x00000000c8f60200, 0x00000000c9000000| 37%| O|  |TAMS 0x00000000c8f00000, 0x00000000c8f00000| Untracked 
|   4|0x00000000c9000000, 0x00000000c9000000, 0x00000000c9100000|  0%| F|  |TAMS 0x00000000c9000000, 0x00000000c9000000| Untracked 
|   5|0x00000000c9100000, 0x00000000c9100000, 0x00000000c9200000|  0%| F|  |TAMS 0x00000000c9100000, 0x00000000c9100000| Untracked 
|   6|0x00000000c9200000, 0x00000000c9200000, 0x00000000c9300000|  0%| F|  |TAMS 0x00000000c9200000, 0x00000000c9200000| Untracked 
|   7|0x00000000c9300000, 0x00000000c9300000, 0x00000000c9400000|  0%| F|  |TAMS 0x00000000c9300000, 0x00000000c9300000| Untracked 
|   8|0x00000000c9400000, 0x00000000c9400000, 0x00000000c9500000|  0%| F|  |TAMS 0x00000000c9400000, 0x00000000c9400000| Untracked 
|   9|0x00000000c9500000, 0x00000000c9500000, 0x00000000c9600000|  0%| F|  |TAMS 0x00000000c9500000, 0x00000000c9500000| Untracked 
|  10|0x00000000c9600000, 0x00000000c9600000, 0x00000000c9700000|  0%| F|  |TAMS 0x00000000c9600000, 0x00000000c9600000| Untracked 
|  11|0x00000000c9700000, 0x00000000c9700000, 0x00000000c9800000|  0%| F|  |TAMS 0x00000000c9700000, 0x00000000c9700000| Untracked 
|  12|0x00000000c9800000, 0x00000000c9800000, 0x00000000c9900000|  0%| F|  |TAMS 0x00000000c9800000, 0x00000000c9800000| Untracked 
|  13|0x00000000c9900000, 0x00000000c9900000, 0x00000000c9a00000|  0%| F|  |TAMS 0x00000000c9900000, 0x00000000c9900000| Untracked 
|  14|0x00000000c9a00000, 0x00000000c9a00000, 0x00000000c9b00000|  0%| F|  |TAMS 0x00000000c9a00000, 0x00000000c9a00000| Untracked 
|  15|0x00000000c9b00000, 0x00000000c9b00000, 0x00000000c9c00000|  0%| F|  |TAMS 0x00000000c9b00000, 0x00000000c9b00000| Untracked 
|  16|0x00000000c9c00000, 0x00000000c9c00000, 0x00000000c9d00000|  0%| F|  |TAMS 0x00000000c9c00000, 0x00000000c9c00000| Untracked 
|  17|0x00000000c9d00000, 0x00000000c9d00000, 0x00000000c9e00000|  0%| F|  |TAMS 0x00000000c9d00000, 0x00000000c9d00000| Untracked 
|  18|0x00000000c9e00000, 0x00000000c9e00000, 0x00000000c9f00000|  0%| F|  |TAMS 0x00000000c9e00000, 0x00000000c9e00000| Untracked 
|  19|0x00000000c9f00000, 0x00000000c9f00000, 0x00000000ca000000|  0%| F|  |TAMS 0x00000000c9f00000, 0x00000000c9f00000| Untracked 
|  20|0x00000000ca000000, 0x00000000ca000000, 0x00000000ca100000|  0%| F|  |TAMS 0x00000000ca000000, 0x00000000ca000000| Untracked 
|  21|0x00000000ca100000, 0x00000000ca100000, 0x00000000ca200000|  0%| F|  |TAMS 0x00000000ca100000, 0x00000000ca100000| Untracked 
|  22|0x00000000ca200000, 0x00000000ca200000, 0x00000000ca300000|  0%| F|  |TAMS 0x00000000ca200000, 0x00000000ca200000| Untracked 
|  23|0x00000000ca300000, 0x00000000ca300000, 0x00000000ca400000|  0%| F|  |TAMS 0x00000000ca300000, 0x00000000ca300000| Untracked 
|  24|0x00000000ca400000, 0x00000000ca400000, 0x00000000ca500000|  0%| F|  |TAMS 0x00000000ca400000, 0x00000000ca400000| Untracked 
|  25|0x00000000ca500000, 0x00000000ca500000, 0x00000000ca600000|  0%| F|  |TAMS 0x00000000ca500000, 0x00000000ca500000| Untracked 
|  26|0x00000000ca600000, 0x00000000ca600000, 0x00000000ca700000|  0%| F|  |TAMS 0x00000000ca600000, 0x00000000ca600000| Untracked 
|  27|0x00000000ca700000, 0x00000000ca700000, 0x00000000ca800000|  0%| F|  |TAMS 0x00000000ca700000, 0x00000000ca700000| Untracked 
|  28|0x00000000ca800000, 0x00000000ca800000, 0x00000000ca900000|  0%| F|  |TAMS 0x00000000ca800000, 0x00000000ca800000| Untracked 
|  29|0x00000000ca900000, 0x00000000ca900000, 0x00000000caa00000|  0%| F|  |TAMS 0x00000000ca900000, 0x00000000ca900000| Untracked 
|  30|0x00000000caa00000, 0x00000000caa00000, 0x00000000cab00000|  0%| F|  |TAMS 0x00000000caa00000, 0x00000000caa00000| Untracked 
|  31|0x00000000cab00000, 0x00000000cabbe1e0, 0x00000000cac00000| 74%| S|CS|TAMS 0x00000000cab00000, 0x00000000cab00000| Complete 
|  32|0x00000000cac00000, 0x00000000cad00000, 0x00000000cad00000|100%| S|CS|TAMS 0x00000000cac00000, 0x00000000cac00000| Complete 
|  33|0x00000000cad00000, 0x00000000cad00000, 0x00000000cae00000|  0%| F|  |TAMS 0x00000000cad00000, 0x00000000cad00000| Untracked 
|  34|0x00000000cae00000, 0x00000000cae00000, 0x00000000caf00000|  0%| F|  |TAMS 0x00000000cae00000, 0x00000000cae00000| Untracked 
|  35|0x00000000caf00000, 0x00000000caf00000, 0x00000000cb000000|  0%| F|  |TAMS 0x00000000caf00000, 0x00000000caf00000| Untracked 
|  36|0x00000000cb000000, 0x00000000cb000000, 0x00000000cb100000|  0%| F|  |TAMS 0x00000000cb000000, 0x00000000cb000000| Untracked 
|  37|0x00000000cb100000, 0x00000000cb100000, 0x00000000cb200000|  0%| F|  |TAMS 0x00000000cb100000, 0x00000000cb100000| Untracked 
|  38|0x00000000cb200000, 0x00000000cb200000, 0x00000000cb300000|  0%| F|  |TAMS 0x00000000cb200000, 0x00000000cb200000| Untracked 
|  39|0x00000000cb300000, 0x00000000cb300000, 0x00000000cb400000|  0%| F|  |TAMS 0x00000000cb300000, 0x00000000cb300000| Untracked 
|  40|0x00000000cb400000, 0x00000000cb400000, 0x00000000cb500000|  0%| F|  |TAMS 0x00000000cb400000, 0x00000000cb400000| Untracked 
|  41|0x00000000cb500000, 0x00000000cb500000, 0x00000000cb600000|  0%| F|  |TAMS 0x00000000cb500000, 0x00000000cb500000| Untracked 
|  42|0x00000000cb600000, 0x00000000cb600000, 0x00000000cb700000|  0%| F|  |TAMS 0x00000000cb600000, 0x00000000cb600000| Untracked 
|  43|0x00000000cb700000, 0x00000000cb700000, 0x00000000cb800000|  0%| F|  |TAMS 0x00000000cb700000, 0x00000000cb700000| Untracked 
|  44|0x00000000cb800000, 0x00000000cb800000, 0x00000000cb900000|  0%| F|  |TAMS 0x00000000cb800000, 0x00000000cb800000| Untracked 
|  45|0x00000000cb900000, 0x00000000cb900000, 0x00000000cba00000|  0%| F|  |TAMS 0x00000000cb900000, 0x00000000cb900000| Untracked 
|  46|0x00000000cba00000, 0x00000000cba00000, 0x00000000cbb00000|  0%| F|  |TAMS 0x00000000cba00000, 0x00000000cba00000| Untracked 
|  47|0x00000000cbb00000, 0x00000000cbb00000, 0x00000000cbc00000|  0%| F|  |TAMS 0x00000000cbb00000, 0x00000000cbb00000| Untracked 
|  48|0x00000000cbc00000, 0x00000000cbc00000, 0x00000000cbd00000|  0%| F|  |TAMS 0x00000000cbc00000, 0x00000000cbc00000| Untracked 
|  49|0x00000000cbd00000, 0x00000000cbd00000, 0x00000000cbe00000|  0%| F|  |TAMS 0x00000000cbd00000, 0x00000000cbd00000| Untracked 
|  50|0x00000000cbe00000, 0x00000000cbe00000, 0x00000000cbf00000|  0%| F|  |TAMS 0x00000000cbe00000, 0x00000000cbe00000| Untracked 
|  51|0x00000000cbf00000, 0x00000000cbf00000, 0x00000000cc000000|  0%| F|  |TAMS 0x00000000cbf00000, 0x00000000cbf00000| Untracked 
|  52|0x00000000cc000000, 0x00000000cc000000, 0x00000000cc100000|  0%| F|  |TAMS 0x00000000cc000000, 0x00000000cc000000| Untracked 
|  53|0x00000000cc100000, 0x00000000cc100000, 0x00000000cc200000|  0%| F|  |TAMS 0x00000000cc100000, 0x00000000cc100000| Untracked 
|  54|0x00000000cc200000, 0x00000000cc200000, 0x00000000cc300000|  0%| F|  |TAMS 0x00000000cc200000, 0x00000000cc200000| Untracked 
|  55|0x00000000cc300000, 0x00000000cc380800, 0x00000000cc400000| 50%| E|  |TAMS 0x00000000cc300000, 0x00000000cc300000| Complete 

Card table byte_map: [0x000001ff5f8f0000,0x000001ff5fab0000] _byte_map_base: 0x000001ff5f2aa000

Marking Bits (Prev, Next): (CMBitMap*) 0x000001ff46df88e0, (CMBitMap*) 0x000001ff46df8920
 Prev Bits: [0x000001ff5fc70000, 0x000001ff60a40000)
 Next Bits: [0x000001ff60a40000, 0x000001ff61810000)

Polling page: 0x000001ff46bf0000

Metaspace:

Usage:
  Non-class:      7.89 MB used.
      Class:      1.08 MB used.
       Both:      8.97 MB used.

Virtual space:
  Non-class space:       64.00 MB reserved,       7.94 MB ( 12%) committed,  1 nodes.
      Class space:        1.00 GB reserved,       1.19 MB ( <1%) committed,  1 nodes.
             Both:        1.06 GB reserved,       9.12 MB ( <1%) committed. 

Chunk freelists:
   Non-Class:  6.48 MB
       Class:  14.86 MB
        Both:  21.34 MB

MaxMetaspaceSize: unlimited
CompressedClassSpaceSize: 1.00 GB
Initial GC threshold: 21.00 MB
Current GC threshold: 21.00 MB
CDS: on
MetaspaceReclaimPolicy: balanced
 - commit_granule_bytes: 65536.
 - commit_granule_words: 8192.
 - virtual_space_node_default_size: 8388608.
 - enlarge_chunks_in_place: 1.
 - new_chunks_are_fully_committed: 0.
 - uncommit_free_chunks: 1.
 - use_allocation_guard: 0.
 - handle_deallocations: 1.


Internal statistics:

num_allocs_failed_limit: 0.
num_arena_births: 28.
num_arena_deaths: 0.
num_vsnodes_births: 2.
num_vsnodes_deaths: 0.
num_space_committed: 146.
num_space_uncommitted: 0.
num_chunks_returned_to_freelist: 0.
num_chunks_taken_from_freelist: 311.
num_chunk_merges: 0.
num_chunk_splits: 232.
num_chunks_enlarged: 196.
num_inconsistent_stats: 0.

CodeHeap 'non-profiled nmethods': size=120000Kb used=558Kb max_used=558Kb free=119441Kb
 bounds [0x000001ff57be0000, 0x000001ff57e50000, 0x000001ff5f110000]
CodeHeap 'profiled nmethods': size=120000Kb used=3048Kb max_used=3048Kb free=116951Kb
 bounds [0x000001ff50110000, 0x000001ff50410000, 0x000001ff57640000]
CodeHeap 'non-nmethods': size=5760Kb used=1153Kb max_used=1175Kb free=4606Kb
 bounds [0x000001ff57640000, 0x000001ff578b0000, 0x000001ff57be0000]
 total_blobs=1967 nmethods=1521 adapters=359
 compilation: enabled
              stopped_count=0, restarted_count=0
 full_count=0

Compilation events (20 events):
Event: 4.171 Thread 0x000001ff63defbc0 1511       1       com.google.inject.Key$NullAnnotationStrategy::getAnnotationType (2 bytes)
Event: 4.171 Thread 0x000001ff63defbc0 nmethod 1511 0x000001ff57c6a210 code [0x000001ff57c6a3a0, 0x000001ff57c6a478]
Event: 4.185 Thread 0x000001ff63defbc0 1512       3       com.google.inject.internal.MoreTypes::canonicalize (148 bytes)
Event: 4.186 Thread 0x000001ff63defbc0 nmethod 1512 0x000001ff50403010 code [0x000001ff50403340, 0x000001ff50404b98]
Event: 4.187 Thread 0x000001ff63d838c0 1513       4       java.util.HashMap::get (19 bytes)
Event: 4.191 Thread 0x000001ff63defbc0 1514       3       com.google.inject.spi.InjectionPoint$InjectableField::toInjectionPoint (20 bytes)
Event: 4.191 Thread 0x000001ff63defbc0 nmethod 1514 0x000001ff50405010 code [0x000001ff504051c0, 0x000001ff50405388]
Event: 4.191 Thread 0x000001ff63defbc0 1515   !   3       com.google.inject.spi.InjectionPoint::<init> (110 bytes)
Event: 4.193 Thread 0x000001ff63d838c0 nmethod 1513 0x000001ff57c6a510 code [0x000001ff57c6a6a0, 0x000001ff57c6a918]
Event: 4.194 Thread 0x000001ff63defbc0 nmethod 1515 0x000001ff50405490 code [0x000001ff504058e0, 0x000001ff504079a8]
Event: 4.194 Thread 0x000001ff63defbc0 1517       1       com.google.inject.Key::getTypeLiteral (5 bytes)
Event: 4.194 Thread 0x000001ff63defbc0 nmethod 1517 0x000001ff57c6ab90 code [0x000001ff57c6ad20, 0x000001ff57c6adf8]
Event: 4.194 Thread 0x000001ff63defbc0 1516       3       com.google.inject.TypeLiteral::getFieldType (30 bytes)
Event: 4.196 Thread 0x000001ff63defbc0 nmethod 1516 0x000001ff50408610 code [0x000001ff50408880, 0x000001ff504092f8]
Event: 4.200 Thread 0x000001ff63defbc0 1518       3       com.google.inject.Key::getAnnotationType (10 bytes)
Event: 4.200 Thread 0x000001ff63defbc0 nmethod 1518 0x000001ff50409690 code [0x000001ff50409840, 0x000001ff50409a08]
Event: 4.200 Thread 0x000001ff63defbc0 1519       3       java.lang.reflect.Constructor::<init> (50 bytes)
Event: 4.201 Thread 0x000001ff63defbc0 nmethod 1519 0x000001ff50409b10 code [0x000001ff50409ce0, 0x000001ff5040a158]
Event: 4.203 Thread 0x000001ff63d838c0 1520       4       java.lang.reflect.Method::getAnnotation (6 bytes)
Event: 4.210 Thread 0x000001ff63d838c0 nmethod 1520 0x000001ff57c6b310 code [0x000001ff57c6b4c0, 0x000001ff57c6b838]

GC Heap History (6 events):
Event: 1.783 GC heap before
{Heap before GC invocations=0 (full 0):
 garbage-first heap   total 57344K, used 13312K [0x00000000c8c00000, 0x0000000100000000)
  region size 1024K, 13 young (13312K), 0 survivors (0K)
 Metaspace       used 3845K, committed 4032K, reserved 1114112K
  class space    used 395K, committed 512K, reserved 1048576K
}
Event: 1.814 GC heap after
{Heap after GC invocations=1 (full 0):
 garbage-first heap   total 57344K, used 3368K [0x00000000c8c00000, 0x0000000100000000)
  region size 1024K, 2 young (2048K), 2 survivors (2048K)
 Metaspace       used 3845K, committed 4032K, reserved 1114112K
  class space    used 395K, committed 512K, reserved 1048576K
}
Event: 2.444 GC heap before
{Heap before GC invocations=1 (full 0):
 garbage-first heap   total 57344K, used 15656K [0x00000000c8c00000, 0x0000000100000000)
  region size 1024K, 14 young (14336K), 2 survivors (2048K)
 Metaspace       used 5606K, committed 5824K, reserved 1114112K
  class space    used 651K, committed 768K, reserved 1048576K
}
Event: 2.451 GC heap after
{Heap after GC invocations=2 (full 0):
 garbage-first heap   total 57344K, used 4048K [0x00000000c8c00000, 0x0000000100000000)
  region size 1024K, 1 young (1024K), 1 survivors (1024K)
 Metaspace       used 5606K, committed 5824K, reserved 1114112K
  class space    used 651K, committed 768K, reserved 1048576K
}
Event: 4.218 GC heap before
{Heap before GC invocations=2 (full 0):
 garbage-first heap   total 57344K, used 26576K [0x00000000c8c00000, 0x0000000100000000)
  region size 1024K, 23 young (23552K), 1 survivors (1024K)
 Metaspace       used 9174K, committed 9344K, reserved 1114112K
  class space    used 1100K, committed 1216K, reserved 1048576K
}
Event: 4.224 GC heap after
{Heap after GC invocations=3 (full 0):
 garbage-first heap   total 57344K, used 5240K [0x00000000c8c00000, 0x0000000100000000)
  region size 1024K, 2 young (2048K), 2 survivors (2048K)
 Metaspace       used 9174K, committed 9344K, reserved 1114112K
  class space    used 1100K, committed 1216K, reserved 1048576K
}

Dll operation events (8 events):
Event: 0.010 Loaded shared library C:\Program Files\Microsoft\jdk-17.0.10.7-hotspot\bin\java.dll
Event: 0.038 Loaded shared library C:\Program Files\Microsoft\jdk-17.0.10.7-hotspot\bin\jsvml.dll
Event: 0.178 Loaded shared library C:\Program Files\Microsoft\jdk-17.0.10.7-hotspot\bin\net.dll
Event: 0.182 Loaded shared library C:\Program Files\Microsoft\jdk-17.0.10.7-hotspot\bin\nio.dll
Event: 0.193 Loaded shared library C:\Program Files\Microsoft\jdk-17.0.10.7-hotspot\bin\zip.dll
Event: 0.204 Loaded shared library C:\Program Files\Microsoft\jdk-17.0.10.7-hotspot\bin\jimage.dll
Event: 0.926 Loaded shared library C:\Users\RAHUL\AppData\Local\Temp\jansi-2.4.0-ea30f5e530a54b9d-jansi.dll
Event: 0.947 Loaded shared library C:\Program Files\Microsoft\jdk-17.0.10.7-hotspot\bin\verify.dll

Deoptimization events (20 events):
Event: 3.161 Thread 0x000001ff46dbf4a0 Uncommon trap: trap_request=0xffffffc6 fr.pc=0x000001ff57c4b6b4 relative=0x0000000000000274
Event: 3.161 Thread 0x000001ff46dbf4a0 Uncommon trap: reason=bimorphic_or_optimized_type_check action=maybe_recompile pc=0x000001ff57c4b6b4 method=java.util.HashMap.getNode(Ljava/lang/Object;)Ljava/util/HashMap$Node; @ 128 c2
Event: 3.161 Thread 0x000001ff46dbf4a0 DEOPT PACKING pc=0x000001ff57c4b6b4 sp=0x000000c392bfd560
Event: 3.161 Thread 0x000001ff46dbf4a0 DEOPT UNPACKING pc=0x000001ff576969a3 sp=0x000000c392bfd4c8 mode 2
Event: 3.161 Thread 0x000001ff46dbf4a0 Uncommon trap: trap_request=0xffffffde fr.pc=0x000001ff57c54c40 relative=0x0000000000000940
Event: 3.161 Thread 0x000001ff46dbf4a0 Uncommon trap: reason=class_check action=maybe_recompile pc=0x000001ff57c54c40 method=java.util.HashMap.putVal(ILjava/lang/Object;Ljava/lang/Object;ZZ)Ljava/lang/Object; @ 203 c2
Event: 3.161 Thread 0x000001ff46dbf4a0 DEOPT PACKING pc=0x000001ff57c54c40 sp=0x000000c392bfd540
Event: 3.161 Thread 0x000001ff46dbf4a0 DEOPT UNPACKING pc=0x000001ff576969a3 sp=0x000000c392bfd478 mode 2
Event: 4.103 Thread 0x000001ff46dbf4a0 Uncommon trap: trap_request=0xffffffc6 fr.pc=0x000001ff57c4b6b4 relative=0x0000000000000274
Event: 4.103 Thread 0x000001ff46dbf4a0 Uncommon trap: reason=bimorphic_or_optimized_type_check action=maybe_recompile pc=0x000001ff57c4b6b4 method=java.util.HashMap.getNode(Ljava/lang/Object;)Ljava/util/HashMap$Node; @ 128 c2
Event: 4.103 Thread 0x000001ff46dbf4a0 DEOPT PACKING pc=0x000001ff57c4b6b4 sp=0x000000c392bfd450
Event: 4.103 Thread 0x000001ff46dbf4a0 DEOPT UNPACKING pc=0x000001ff576969a3 sp=0x000000c392bfd3b8 mode 2
Event: 4.106 Thread 0x000001ff46dbf4a0 Uncommon trap: trap_request=0xffffffc6 fr.pc=0x000001ff57c4b6b4 relative=0x0000000000000274
Event: 4.106 Thread 0x000001ff46dbf4a0 Uncommon trap: reason=bimorphic_or_optimized_type_check action=maybe_recompile pc=0x000001ff57c4b6b4 method=java.util.HashMap.getNode(Ljava/lang/Object;)Ljava/util/HashMap$Node; @ 128 c2
Event: 4.106 Thread 0x000001ff46dbf4a0 DEOPT PACKING pc=0x000001ff57c4b6b4 sp=0x000000c392bfd450
Event: 4.106 Thread 0x000001ff46dbf4a0 DEOPT UNPACKING pc=0x000001ff576969a3 sp=0x000000c392bfd3b8 mode 2
Event: 4.111 Thread 0x000001ff46dbf4a0 Uncommon trap: trap_request=0xffffffc6 fr.pc=0x000001ff57c4b6b4 relative=0x0000000000000274
Event: 4.111 Thread 0x000001ff46dbf4a0 Uncommon trap: reason=bimorphic_or_optimized_type_check action=maybe_recompile pc=0x000001ff57c4b6b4 method=java.util.HashMap.getNode(Ljava/lang/Object;)Ljava/util/HashMap$Node; @ 128 c2
Event: 4.111 Thread 0x000001ff46dbf4a0 DEOPT PACKING pc=0x000001ff57c4b6b4 sp=0x000000c392bfd450
Event: 4.111 Thread 0x000001ff46dbf4a0 DEOPT UNPACKING pc=0x000001ff576969a3 sp=0x000000c392bfd3b8 mode 2

Classes unloaded (0 events):
No events

Classes redefined (0 events):
No events

Internal exceptions (11 events):
Event: 0.808 Thread 0x000001ff46dbf4a0 Exception <a 'java/lang/NullPointerException'{0x00000000cbf59308}> (0x00000000cbf59308) 
thrown [s\src\hotspot\share\interpreter\linkResolver.cpp, line 1350]
Event: 0.929 Thread 0x000001ff46dbf4a0 Exception <a 'java/lang/NullPointerException'{0x00000000cbfa0610}> (0x00000000cbfa0610) 
thrown [s\src\hotspot\share\interpreter\linkResolver.cpp, line 1350]
Event: 0.929 Thread 0x000001ff46dbf4a0 Exception <a 'java/lang/NullPointerException'{0x00000000cbfa08e8}> (0x00000000cbfa08e8) 
thrown [s\src\hotspot\share\interpreter\linkResolver.cpp, line 1350]
Event: 0.929 Thread 0x000001ff46dbf4a0 Exception <a 'java/lang/NullPointerException'{0x00000000cbfa0bc0}> (0x00000000cbfa0bc0) 
thrown [s\src\hotspot\share\interpreter\linkResolver.cpp, line 1350]
Event: 0.930 Thread 0x000001ff46dbf4a0 Exception <a 'java/lang/NullPointerException'{0x00000000cbfa7288}> (0x00000000cbfa7288) 
thrown [s\src\hotspot\share\interpreter\linkResolver.cpp, line 1350]
Event: 0.933 Thread 0x000001ff46dbf4a0 Exception <a 'java/lang/NullPointerException'{0x00000000cbfbd9e8}> (0x00000000cbfbd9e8) 
thrown [s\src\hotspot\share\interpreter\linkResolver.cpp, line 1350]
Event: 0.933 Thread 0x000001ff46dbf4a0 Exception <a 'java/lang/NullPointerException'{0x00000000cbfbdcc0}> (0x00000000cbfbdcc0) 
thrown [s\src\hotspot\share\interpreter\linkResolver.cpp, line 1350]
Event: 0.933 Thread 0x000001ff46dbf4a0 Exception <a 'java/lang/NullPointerException'{0x00000000cbfbdf98}> (0x00000000cbfbdf98) 
thrown [s\src\hotspot\share\interpreter\linkResolver.cpp, line 1350]
Event: 0.933 Thread 0x000001ff46dbf4a0 Exception <a 'java/lang/NullPointerException'{0x00000000cbfbe270}> (0x00000000cbfbe270) 
thrown [s\src\hotspot\share\interpreter\linkResolver.cpp, line 1350]
Event: 2.052 Thread 0x000001ff46dbf4a0 Exception <a 'java/lang/NoSuchMethodError'{0x00000000cc01b880}: 'java.lang.Object java.lang.invoke.DirectMethodHandle$Holder.newInvokeSpecial(java.lang.Object, java.lang.Object, java.lang.Object, java.lang.Object, java.lang.Object)'> (0x00000000cc01b880) 
thrown [s\src\hotspot\share\interpreter\linkResolver.cpp, line 759]
Event: 2.184 Thread 0x000001ff46dbf4a0 Exception <a 'java/lang/NoClassDefFoundError'{0x00000000cbfb12e0}: javax/enterprise/inject/Typed> (0x00000000cbfb12e0) 
thrown [s\src\hotspot\share\classfile\systemDictionary.cpp, line 245]

VM Operations (18 events):
Event: 0.194 Executing VM operation: HandshakeAllThreads
Event: 0.195 Executing VM operation: HandshakeAllThreads done
Event: 0.808 Executing VM operation: HandshakeAllThreads
Event: 0.808 Executing VM operation: HandshakeAllThreads done
Event: 1.249 Executing VM operation: HandshakeAllThreads
Event: 1.249 Executing VM operation: HandshakeAllThreads done
Event: 1.249 Executing VM operation: Cleanup
Event: 1.250 Executing VM operation: Cleanup done
Event: 1.783 Executing VM operation: G1CollectForAllocation
Event: 1.815 Executing VM operation: G1CollectForAllocation done
Event: 2.444 Executing VM operation: G1CollectForAllocation
Event: 2.452 Executing VM operation: G1CollectForAllocation done
Event: 3.217 Executing VM operation: HandshakeAllThreads
Event: 3.217 Executing VM operation: HandshakeAllThreads done
Event: 3.350 Executing VM operation: HandshakeAllThreads
Event: 3.350 Executing VM operation: HandshakeAllThreads done
Event: 4.218 Executing VM operation: G1CollectForAllocation
Event: 4.224 Executing VM operation: G1CollectForAllocation done

Events (20 events):
Event: 3.478 loading class sun/reflect/generics/tree/MethodTypeSignature
Event: 3.478 loading class sun/reflect/generics/tree/MethodTypeSignature done
Event: 3.673 loading class java/util/concurrent/CompletionService
Event: 3.673 loading class java/util/concurrent/CompletionService done
Event: 3.776 loading class java/security/NoSuchAlgorithmException
Event: 3.776 loading class java/security/GeneralSecurityException
Event: 3.776 loading class java/security/GeneralSecurityException done
Event: 3.776 loading class java/security/NoSuchAlgorithmException done
Event: 3.988 loading class java/util/concurrent/locks/ReentrantReadWriteLock
Event: 3.989 loading class java/util/concurrent/locks/ReadWriteLock
Event: 3.989 loading class java/util/concurrent/locks/ReadWriteLock done
Event: 3.989 loading class java/util/concurrent/locks/ReentrantReadWriteLock done
Event: 4.069 loading class java/nio/channels/ReadableByteChannel
Event: 4.069 loading class java/nio/channels/Channel
Event: 4.070 loading class java/nio/channels/Channel done
Event: 4.070 loading class java/nio/channels/ReadableByteChannel done
Event: 4.070 loading class java/nio/channels/WritableByteChannel
Event: 4.070 loading class java/nio/channels/WritableByteChannel done
Event: 4.196 loading class sun/reflect/generics/repository/FieldRepository
Event: 4.197 loading class sun/reflect/generics/repository/FieldRepository done


Dynamic libraries:
0x00007ff6f46a0000 - 0x00007ff6f46ae000 	C:\Program Files\Microsoft\jdk-17.0.10.7-hotspot\bin\java.exe
0x00007ff95be50000 - 0x00007ff95c048000 	C:\Windows\SYSTEM32\ntdll.dll
0x00007ff95a470000 - 0x00007ff95a532000 	C:\Windows\System32\KERNEL32.DLL
0x00007ff9594e0000 - 0x00007ff9597d6000 	C:\Windows\System32\KERNELBASE.dll
0x00007ff9597e0000 - 0x00007ff9598e0000 	C:\Windows\System32\ucrtbase.dll
0x00007ff93b310000 - 0x00007ff93b327000 	C:\Program Files\Microsoft\jdk-17.0.10.7-hotspot\bin\jli.dll
0x00007ff95b7f0000 - 0x00007ff95b991000 	C:\Windows\System32\USER32.dll
0x00007ff959990000 - 0x00007ff9599b2000 	C:\Windows\System32\win32u.dll
0x00007ff95a340000 - 0x00007ff95a36b000 	C:\Windows\System32\GDI32.dll
0x00007ff959c50000 - 0x00007ff959d69000 	C:\Windows\System32\gdi32full.dll
0x00007ff959bb0000 - 0x00007ff959c4d000 	C:\Windows\System32\msvcp_win.dll
0x00007ff93b330000 - 0x00007ff93b34b000 	C:\Program Files\Microsoft\jdk-17.0.10.7-hotspot\bin\VCRUNTIME140.dll
0x00007ff943e60000 - 0x00007ff9440fb000 	C:\Windows\WinSxS\amd64_microsoft.windows.common-controls_6595b64144ccf1df_6.0.19041.6456_none_60b8a6cb71f64256\COMCTL32.dll
0x00007ff95a370000 - 0x00007ff95a40e000 	C:\Windows\System32\msvcrt.dll
0x00007ff959e70000 - 0x00007ff959e9f000 	C:\Windows\System32\IMM32.DLL
0x00007ff942910000 - 0x00007ff94291c000 	C:\Program Files\Microsoft\jdk-17.0.10.7-hotspot\bin\vcruntime140_1.dll
0x00007ff9248f0000 - 0x00007ff92497d000 	C:\Program Files\Microsoft\jdk-17.0.10.7-hotspot\bin\msvcp140.dll
0x00007ff8fdb10000 - 0x00007ff8fe775000 	C:\Program Files\Microsoft\jdk-17.0.10.7-hotspot\bin\server\jvm.dll
0x00007ff95b730000 - 0x00007ff95b7e1000 	C:\Windows\System32\ADVAPI32.dll
0x00007ff95adb0000 - 0x00007ff95ae4f000 	C:\Windows\System32\sechost.dll
0x00007ff959f00000 - 0x00007ff95a020000 	C:\Windows\System32\RPCRT4.dll
0x00007ff959df0000 - 0x00007ff959e17000 	C:\Windows\System32\bcrypt.dll
0x00007ff959340000 - 0x00007ff95938b000 	C:\Windows\SYSTEM32\POWRPROF.dll
0x00007ff952970000 - 0x00007ff952979000 	C:\Windows\SYSTEM32\WSOCK32.dll
0x00007ff95a540000 - 0x00007ff95a5ab000 	C:\Windows\System32\WS2_32.dll
0x00007ff94f020000 - 0x00007ff94f02a000 	C:\Windows\SYSTEM32\VERSION.dll
0x00007ff94eff0000 - 0x00007ff94f017000 	C:\Windows\SYSTEM32\WINMM.dll
0x00007ff959320000 - 0x00007ff959332000 	C:\Windows\SYSTEM32\UMPDC.dll
0x00007ff957350000 - 0x00007ff957362000 	C:\Windows\SYSTEM32\kernel.appcore.dll
0x00007ff942790000 - 0x00007ff94279a000 	C:\Program Files\Microsoft\jdk-17.0.10.7-hotspot\bin\jimage.dll
0x00007ff9406c0000 - 0x00007ff9408c1000 	C:\Windows\SYSTEM32\DBGHELP.DLL
0x00007ff93f870000 - 0x00007ff93f8a4000 	C:\Windows\SYSTEM32\dbgcore.DLL
0x00007ff9599c0000 - 0x00007ff959a42000 	C:\Windows\System32\bcryptPrimitives.dll
0x00007ff92e060000 - 0x00007ff92e085000 	C:\Program Files\Microsoft\jdk-17.0.10.7-hotspot\bin\java.dll
0x00007ff914e50000 - 0x00007ff914f27000 	C:\Program Files\Microsoft\jdk-17.0.10.7-hotspot\bin\jsvml.dll
0x00007ff95a640000 - 0x00007ff95adb0000 	C:\Windows\System32\SHELL32.dll
0x00007ff957550000 - 0x00007ff957cf5000 	C:\Windows\SYSTEM32\windows.storage.dll
0x00007ff95b3d0000 - 0x00007ff95b724000 	C:\Windows\System32\combase.dll
0x00007ff958e30000 - 0x00007ff958e5b000 	C:\Windows\SYSTEM32\Wldp.dll
0x00007ff95b0a0000 - 0x00007ff95b16d000 	C:\Windows\System32\OLEAUT32.dll
0x00007ff95a1a0000 - 0x00007ff95a24d000 	C:\Windows\System32\SHCORE.dll
0x00007ff95a020000 - 0x00007ff95a07b000 	C:\Windows\System32\shlwapi.dll
0x00007ff959410000 - 0x00007ff959434000 	C:\Windows\SYSTEM32\profapi.dll
0x00007ff937400000 - 0x00007ff937419000 	C:\Program Files\Microsoft\jdk-17.0.10.7-hotspot\bin\net.dll
0x00007ff951b50000 - 0x00007ff951c5a000 	C:\Windows\SYSTEM32\WINHTTP.dll
0x00007ff958b90000 - 0x00007ff958bfa000 	C:\Windows\system32\mswsock.dll
0x00007ff92df30000 - 0x00007ff92df46000 	C:\Program Files\Microsoft\jdk-17.0.10.7-hotspot\bin\nio.dll
0x00007ff92dae0000 - 0x00007ff92daf8000 	C:\Program Files\Microsoft\jdk-17.0.10.7-hotspot\bin\zip.dll
0x0000000069ac0000 - 0x0000000069ae4000 	C:\Users\RAHUL\AppData\Local\Temp\jansi-2.4.0-ea30f5e530a54b9d-jansi.dll
0x00007ff93e1a0000 - 0x00007ff93e1b0000 	C:\Program Files\Microsoft\jdk-17.0.10.7-hotspot\bin\verify.dll

dbghelp: loaded successfully - version: 4.0.5 - missing functions: none
symbol engine: initialized successfully - sym options: 0x614 - pdb path: .;C:\Program Files\Microsoft\jdk-17.0.10.7-hotspot\bin;C:\Windows\SYSTEM32;C:\Windows\WinSxS\amd64_microsoft.windows.common-controls_6595b64144ccf1df_6.0.19041.6456_none_60b8a6cb71f64256;C:\Program Files\Microsoft\jdk-17.0.10.7-hotspot\bin\server;C:\Users\RAHUL\AppData\Local\Temp

VM Arguments:
jvm_args: -Dmaven.multiModuleProjectDirectory=c:\Users\RAHUL\OneDrive\Desktop\BLOG 
java_command: org.apache.maven.wrapper.MavenWrapperMain help:effective-pom -Doutput=effective-pom-a6f11fa5-ca07-4c13-8c05-161922bbcc3c.log
java_class_path (initial): c:\Users\RAHUL\OneDrive\Desktop\BLOG\.mvn\wrapper\maven-wrapper.jar
Launcher Type: SUN_STANDARD

[Global flags]
     intx CICompilerCount                          = 3                                         {product} {ergonomic}
     uint ConcGCThreads                            = 1                                         {product} {ergonomic}
     uint G1ConcRefinementThreads                  = 4                                         {product} {ergonomic}
   size_t G1HeapRegionSize                         = 1048576                                   {product} {ergonomic}
    uintx GCDrainStackTargetSize                   = 64                                        {product} {ergonomic}
   size_t InitialHeapSize                          = 58720256                                  {product} {ergonomic}
   size_t MarkStackSize                            = 4194304                                   {product} {ergonomic}
   size_t MaxHeapSize                              = 926941184                                 {product} {ergonomic}
   size_t MaxNewSize                               = 555745280                                 {product} {ergonomic}
   size_t MinHeapDeltaBytes                        = 1048576                                   {product} {ergonomic}
   size_t MinHeapSize                              = 8388608                                   {product} {ergonomic}
    uintx NonNMethodCodeHeapSize                   = 5832780                                {pd product} {ergonomic}
    uintx NonProfiledCodeHeapSize                  = 122912730                              {pd product} {ergonomic}
    uintx ProfiledCodeHeapSize                     = 122912730                              {pd product} {ergonomic}
    uintx ReservedCodeCacheSize                    = 251658240                              {pd product} {ergonomic}
     bool SegmentedCodeCache                       = true                                      {product} {ergonomic}
   size_t SoftMaxHeapSize                          = 926941184                              {manageable} {ergonomic}
     bool UseCompressedClassPointers               = true                           {product lp64_product} {ergonomic}
     bool UseCompressedOops                        = true                           {product lp64_product} {ergonomic}
     bool UseG1GC                                  = true                                      {product} {ergonomic}
     bool UseLargePagesIndividualAllocation        = false                                  {pd product} {ergonomic}

Logging:
Log output configuration:
 #0: stdout all=warning uptime,level,tags
 #1: stderr all=off uptime,level,tags

Environment Variables:
JAVA_HOME=C:\Program Files\Microsoft\jdk-17.0.10.7-hotspot
PATH=.;C:\Program Files\Microsoft\jdk-17.0.10.7-hotspot\bin;C:\Program Files\Microsoft\jdk-21.0.8.9-hotspot\bin;C:\Program Files\Microsoft\jdk-17.0.10.7-hotspot\bin;C:\Program Files\Common Files\Oracle\Java\javapath;C:\Windows\system32;C:\Windows;C:\Windows\System32\Wbem;C:\Windows\System32\WindowsPowerShell\v1.0\;C:\Windows\System32\OpenSSH\;C:\Program Files\nodejs\;C:\Users\RAHUL\AppData\Roaming\npm;C:\Program Files\Git\cmd;C:\Program Files\MySQL\MySQL Shell 8.0\bin\;C:\Users\RAHUL\AppData\Local\Microsoft\WindowsApps;C:\Users\RAHUL\AppData\Local\Programs\Microsoft VS Code\bin;C:\Users\RAHUL\AppData\Roaming\npm;C:\Users\RAHUL\AppData\Local\Programs\Antigravity\bin
USERNAME=RAHUL
OS=Windows_NT
PROCESSOR_IDENTIFIER=AMD64 Family 23 Model 24 Stepping 1, AuthenticAMD
TMP=C:\Users\RAHUL\AppData\Local\Temp
TEMP=C:\Users\RAHUL\AppData\Local\Temp



Periodic native trim disabled


---------------  S Y S T E M  ---------------

OS:
 Windows 10 , 64 bit Build 19041 (10.0.19041.5915)
OS uptime: 0 days 4:01 hours

CPU: total 4 (initial active 4) (4 cores per cpu, 2 threads per core) family 23 model 24 stepping 1 microcode 0x0, cx8, cmov, fxsr, ht, mmx, 3dnowpref, sse, sse2, sse3, ssse3, sse4a, sse4.1, sse4.2, popcnt, lzcnt, tsc, tscinvbit, avx, avx2, aes, clmul, bmi1, bmi2, adx, sha, fma, vzeroupper, clflush, clflushopt
Processor Information for all 4 processors :
  Max Mhz: 2600, Current Mhz: 2600, Mhz Limit: 2600

Memory: 4k page, system-wide physical 3530M (428M free)
TotalPageFile size 11722M (AvailPageFile size 378M)
current process WorkingSet (physical memory assigned to process): 84M, peak: 84M
current process commit charge ("private bytes"): 146M, peak: 146M

vm_info: OpenJDK 64-Bit Server VM (17.0.10+7-LTS) for windows-amd64 JRE (17.0.10+7-LTS), built on Jan 10 2024 19:47:12 by "MicrosoftCorporation" with MS VC++ 16.10 / 16.11 (VS2019)

END.
